Archive member included to satisfy reference by file (symbol)

/home/mdlos/.pico-sdk/toolchain/13_3_Rel1/bin/../lib/gcc/arm-none-eabi/13.3.1/thumb/v6-m/nofp/libgcc.a(_dvmd_tls.o)
                              CMakeFiles/DisplayC.dir/home/mdlos/.pico-sdk/sdk/2.1.0/src/rp2_common/pico_divider/divider_hardware.S.o (__aeabi_idiv0)
/home/mdlos/.pico-sdk/toolchain/13_3_Rel1/bin/../lib/gcc/arm-none-eabi/13.3.1/../../../../arm-none-eabi/lib/thumb/v6-m/nofp/libg.a(libc_a-strlen-stub.o)
                              CMakeFiles/DisplayC.dir/home/mdlos/.pico-sdk/sdk/2.1.0/src/rp2_common/pico_stdio/stdio.c.o (strlen)
/home/mdlos/.pico-sdk/toolchain/13_3_Rel1/bin/../lib/gcc/arm-none-eabi/13.3.1/../../../../arm-none-eabi/lib/thumb/v6-m/nofp/libg.a(libc_a-malloc.o)
                              CMakeFiles/DisplayC.dir/home/mdlos/.pico-sdk/sdk/2.1.0/src/rp2_common/pico_malloc/malloc.c.o (malloc)
/home/mdlos/.pico-sdk/toolchain/13_3_Rel1/bin/../lib/gcc/arm-none-eabi/13.3.1/../../../../arm-none-eabi/lib/thumb/v6-m/nofp/libg.a(libc_a-mallocr.o)
                              /home/mdlos/.pico-sdk/toolchain/13_3_Rel1/bin/../lib/gcc/arm-none-eabi/13.3.1/../../../../arm-none-eabi/lib/thumb/v6-m/nofp/libg.a(libc_a-malloc.o) (_malloc_r)
/home/mdlos/.pico-sdk/toolchain/13_3_Rel1/bin/../lib/gcc/arm-none-eabi/13.3.1/../../../../arm-none-eabi/lib/thumb/v6-m/nofp/libg.a(libc_a-lcltime_r.o)
                              CMakeFiles/DisplayC.dir/home/mdlos/.pico-sdk/sdk/2.1.0/src/common/pico_util/datetime.c.o (localtime_r)
/home/mdlos/.pico-sdk/toolchain/13_3_Rel1/bin/../lib/gcc/arm-none-eabi/13.3.1/../../../../arm-none-eabi/lib/thumb/v6-m/nofp/libg.a(libc_a-sbrkr.o)
                              /home/mdlos/.pico-sdk/toolchain/13_3_Rel1/bin/../lib/gcc/arm-none-eabi/13.3.1/../../../../arm-none-eabi/lib/thumb/v6-m/nofp/libg.a(libc_a-mallocr.o) (_sbrk_r)
/home/mdlos/.pico-sdk/toolchain/13_3_Rel1/bin/../lib/gcc/arm-none-eabi/13.3.1/../../../../arm-none-eabi/lib/thumb/v6-m/nofp/libg.a(libc_a-mktime.o)
                              CMakeFiles/DisplayC.dir/home/mdlos/.pico-sdk/sdk/2.1.0/src/common/pico_util/datetime.c.o (mktime)
/home/mdlos/.pico-sdk/toolchain/13_3_Rel1/bin/../lib/gcc/arm-none-eabi/13.3.1/../../../../arm-none-eabi/lib/thumb/v6-m/nofp/libg.a(libc_a-month_lengths.o)
                              /home/mdlos/.pico-sdk/toolchain/13_3_Rel1/bin/../lib/gcc/arm-none-eabi/13.3.1/../../../../arm-none-eabi/lib/thumb/v6-m/nofp/libg.a(libc_a-lcltime_r.o) (__month_lengths)
/home/mdlos/.pico-sdk/toolchain/13_3_Rel1/bin/../lib/gcc/arm-none-eabi/13.3.1/../../../../arm-none-eabi/lib/thumb/v6-m/nofp/libg.a(libc_a-tzcalc_limits.o)
                              /home/mdlos/.pico-sdk/toolchain/13_3_Rel1/bin/../lib/gcc/arm-none-eabi/13.3.1/../../../../arm-none-eabi/lib/thumb/v6-m/nofp/libg.a(libc_a-lcltime_r.o) (__tzcalc_limits)
/home/mdlos/.pico-sdk/toolchain/13_3_Rel1/bin/../lib/gcc/arm-none-eabi/13.3.1/../../../../arm-none-eabi/lib/thumb/v6-m/nofp/libg.a(libc_a-tzlock.o)
                              /home/mdlos/.pico-sdk/toolchain/13_3_Rel1/bin/../lib/gcc/arm-none-eabi/13.3.1/../../../../arm-none-eabi/lib/thumb/v6-m/nofp/libg.a(libc_a-lcltime_r.o) (__tz_lock)
/home/mdlos/.pico-sdk/toolchain/13_3_Rel1/bin/../lib/gcc/arm-none-eabi/13.3.1/../../../../arm-none-eabi/lib/thumb/v6-m/nofp/libg.a(libc_a-tzset.o)
                              /home/mdlos/.pico-sdk/toolchain/13_3_Rel1/bin/../lib/gcc/arm-none-eabi/13.3.1/../../../../arm-none-eabi/lib/thumb/v6-m/nofp/libg.a(libc_a-lcltime_r.o) (_tzset_unlocked)
/home/mdlos/.pico-sdk/toolchain/13_3_Rel1/bin/../lib/gcc/arm-none-eabi/13.3.1/../../../../arm-none-eabi/lib/thumb/v6-m/nofp/libg.a(libc_a-mlock.o)
                              /home/mdlos/.pico-sdk/toolchain/13_3_Rel1/bin/../lib/gcc/arm-none-eabi/13.3.1/../../../../arm-none-eabi/lib/thumb/v6-m/nofp/libg.a(libc_a-mallocr.o) (__malloc_lock)
/home/mdlos/.pico-sdk/toolchain/13_3_Rel1/bin/../lib/gcc/arm-none-eabi/13.3.1/../../../../arm-none-eabi/lib/thumb/v6-m/nofp/libg.a(libc_a-calloc.o)
                              CMakeFiles/DisplayC.dir/home/mdlos/.pico-sdk/sdk/2.1.0/src/rp2_common/pico_malloc/malloc.c.o (calloc)
/home/mdlos/.pico-sdk/toolchain/13_3_Rel1/bin/../lib/gcc/arm-none-eabi/13.3.1/../../../../arm-none-eabi/lib/thumb/v6-m/nofp/libg.a(libc_a-memcmp.o)
                              CMakeFiles/DisplayC.dir/home/mdlos/.pico-sdk/sdk/2.1.0/src/rp2_common/pico_atomic/atomic.c.o (memcmp)
/home/mdlos/.pico-sdk/toolchain/13_3_Rel1/bin/../lib/gcc/arm-none-eabi/13.3.1/../../../../arm-none-eabi/lib/thumb/v6-m/nofp/libg.a(libc_a-callocr.o)
                              /home/mdlos/.pico-sdk/toolchain/13_3_Rel1/bin/../lib/gcc/arm-none-eabi/13.3.1/../../../../arm-none-eabi/lib/thumb/v6-m/nofp/libg.a(libc_a-calloc.o) (_calloc_r)
/home/mdlos/.pico-sdk/toolchain/13_3_Rel1/bin/../lib/gcc/arm-none-eabi/13.3.1/../../../../arm-none-eabi/lib/thumb/v6-m/nofp/libg.a(libc_a-div.o)
[...]
Memory Configuration

Name             Origin             Length             Attributes
FLASH            0x10000000         0x00200000         xr
RAM              0x20000000         0x00040000         xrw
SCRATCH_X        0x20040000         0x00001000         xrw
SCRATCH_Y        0x20041000         0x00001000         xrw
*default*        0x00000000         0xffffffff

Linker script and memory map

LOAD /home/mdlos/.pico-sdk/toolchain/13_3_Rel1/bin/../lib/gcc/arm-none-eabi/13.3.1/thumb/v6-m/nofp/crti.o
LOAD /home/mdlos/.pico-sdk/toolchain/13_3_Rel1/bin/../lib/gcc/arm-none-eabi/13.3.1/thumb/v6-m/nofp/crtbegin.o
LOAD /home/mdlos/.pico-sdk/toolchain/13_3_Rel1/bin/../lib/gcc/arm-none-eabi/13.3.1/../../../../arm-none-eabi/lib/thumb/v6-m/nofp/crt0.o

.flash_begin    0x10000000        0x0
                0x10000000                        __flash_binary_start = .

.boot2          0x10000000      0x100
                0x10000000                        __boot2_start__ = .
 *(.boot2)
 .boot2         0x10000000      0x100 pico-sdk/src/rp2040/boot_stage2/CMakeFiles/bs2_default_library.dir/bs2_default_padded_checksummed.S.o
                0x10000100                        __boot2_end__ = .
                0x00000001                        ASSERT (((__boot2_end__ - __boot2_start__) == 0x100), ERROR: Pico second stage bootloader must be 256 bytes in size)

.text           0x10000100     0x8ba4
                0x10000100                        __logical_binary_start = .
 *(.vectors)
 .vectors       0x10000100       0xd4 CMakeFiles/DisplayC.dir/home/mdlos/.pico-sdk/sdk/2.1.0/src/rp2_common/pico_crt0/crt0.S.o
                0x10000100                __vectors
                0x10000100                __VECTOR_TABLE
                0x100001c0                isr_invalid
                0x100001c0                __default_isrs_start
                0x100001c2                isr_nmi
                0x100001c4                isr_hardfault
                0x100001c6                isr_svcall
                0x100001c8                isr_pendsv
                0x100001ca                isr_systick
                0x100001cc                isr_irq30
                0x100001cc                __unhandled_user_irq
                0x100001cc                isr_irq13
                0x100001cc                isr_irq27
                0x100001cc                isr_irq31
                0x100001cc                isr_irq5
                0x100001cc                isr_irq11
                0x100001cc                isr_irq23
                0x100001cc                isr_irq18
                0x100001cc                isr_irq28
                0x100001cc                isr_irq19
                0x100001cc                isr_irq0
                0x100001cc                isr_irq6
                0x100001cc                isr_irq22
                0x100001cc                isr_irq17
                0x100001cc                isr_irq14
                0x100001cc                isr_irq2
                0x100001cc                isr_irq10
                0x100001cc                isr_irq8
                0x100001cc                isr_irq24
                0x100001cc                isr_irq1
                0x100001cc                isr_irq7
                0x100001cc                isr_irq21
                0x100001cc                isr_irq20
                0x100001cc                isr_irq15
                0x100001cc                isr_irq25
                0x100001cc                isr_irq4
                0x100001cc                isr_irq16
                0x100001cc                isr_irq29
                0x100001cc                isr_irq26
                0x100001cc                __default_isrs_end
                0x100001cc                isr_irq3
                0x100001cc                isr_irq12
                0x100001cc                isr_irq9
                0x100001d2                unhandled_user_irq_num_in_r0
 *(.binary_info_header)
 .binary_info_header
                0x100001d4       0x14 CMakeFiles/DisplayC.dir/home/mdlos/.pico-sdk/sdk/2.1.0/src/rp2_common/pico_crt0/crt0.S.o
                0x100001e8                        __binary_info_header_end = .
 *(.embedded_block)
                0x100001e8                        __embedded_block_end = .
 *(.reset)
 .reset         0x100001e8       0x9c CMakeFiles/DisplayC.dir/home/mdlos/.pico-sdk/sdk/2.1.0/src/rp2_common/pico_crt0/crt0.S.o
                0x100001e8                _entry_point
 *(.init)
 .init          0x10000284        0x4 /home/mdlos/.pico-sdk/toolchain/13_3_Rel1/bin/../lib/gcc/arm-none-eabi/13.3.1/thumb/v6-m/nofp/crti.o
                0x10000284                _init
 *(EXCLUDE_FILE(*libm.a: *libc.a:*lib_a-mem*.o *libgcc.a:) .text*)
 .text.register_tm_clones
                0x10000288       0x28 /home/mdlos/.pico-sdk/toolchain/13_3_Rel1/bin/../lib/gcc/arm-none-eabi/13.3.1/thumb/v6-m/nofp/crtbegin.o
 .text.frame_dummy
                0x100002b0       0x24 /home/mdlos/.pico-sdk/toolchain/13_3_Rel1/bin/../lib/gcc/arm-none-eabi/13.3.1/thumb/v6-m/nofp/crtbegin.o
 .text.gpio_callback
                0x100002d4      0x134 CMakeFiles/DisplayC.dir/DisplayC.c.o
                0x100002d4                gpio_callback
 .text.startup.main
                0x10000408      0x2cc CMakeFiles/DisplayC.dir/DisplayC.c.o
                0x10000408                main
 .text.ssd1306_init
                0x100006d4       0x34 CMakeFiles/DisplayC.dir/inc/ssd1306.c.o
                0x100006d4                ssd1306_init
 .text.ssd1306_config
                0x10000708      0x1d0 CMakeFiles/DisplayC.dir/inc/ssd1306.c.o
                0x10000708                ssd1306_config
 .text.ssd1306_send_data
                0x100008d8       0x8c CMakeFiles/DisplayC.dir/inc/ssd1306.c.o
                0x100008d8                ssd1306_send_data
 .text.ssd1306_fill
                0x10000964       0x80 CMakeFiles/DisplayC.dir/inc/ssd1306.c.o
                0x10000964                ssd1306_fill
 .text.ssd1306_draw_char
                0x100009e4      0x660 CMakeFiles/DisplayC.dir/inc/ssd1306.c.o
                0x100009e4                ssd1306_draw_char
 .text.ssd1306_draw_string
                0x10001044       0x40 CMakeFiles/DisplayC.dir/inc/ssd1306.c.o
                0x10001044                ssd1306_draw_string
 .text.gpio_default_irq_handler
                0x10001084      0x274 CMakeFiles/DisplayC.dir/home/mdlos/.pico-sdk/sdk/2.1.0/src/rp2_common/hardware_gpio/gpio.c.o
 .text.gpio_set_function
                0x100012f8       0x34 CMakeFiles/DisplayC.dir/home/mdlos/.pico-sdk/sdk/2.1.0/src/rp2_common/hardware_gpio/gpio.c.o
                0x100012f8                gpio_set_function
 .text.gpio_set_pulls
                0x1000132c       0x28 CMakeFiles/DisplayC.dir/home/mdlos/.pico-sdk/sdk/2.1.0/src/rp2_common/hardware_gpio/gpio.c.o
                0x1000132c                gpio_set_pulls
 .text.gpio_set_irq_enabled
                0x10001354       0x58 CMakeFiles/DisplayC.dir/home/mdlos/.pico-sdk/sdk/2.1.0/src/rp2_common/hardware_gpio/gpio.c.o
                0x10001354                gpio_set_irq_enabled
 .text.gpio_set_irq_enabled_with_callback
                0x100013ac       0xd0 CMakeFiles/DisplayC.dir/home/mdlos/.pico-sdk/sdk/2.1.0/src/rp2_common/hardware_gpio/gpio.c.o
                0x100013ac                gpio_set_irq_enabled_with_callback
 .text.gpio_init
                0x1000147c       0x40 CMakeFiles/DisplayC.dir/home/mdlos/.pico-sdk/sdk/2.1.0/src/rp2_common/hardware_gpio/gpio.c.o
                0x1000147c                gpio_init
 .text.rp2040_chip_version
                0x100014bc        0xc CMakeFiles/DisplayC.dir/home/mdlos/.pico-sdk/sdk/2.1.0/src/rp2040/pico_platform/platform.c.o
                0x100014bc                rp2040_chip_version
 .text.panic    0x100014c8       0x30 CMakeFiles/DisplayC.dir/home/mdlos/.pico-sdk/sdk/2.1.0/src/rp2_common/pico_platform_panic/panic.c.o
                0x100014c8                panic
 .text.hw_claim_lock
                0x100014f8       0x18 CMakeFiles/DisplayC.dir/home/mdlos/.pico-sdk/sdk/2.1.0/src/common/hardware_claim/claim.c.o
                0x100014f8                hw_claim_lock
 .text.hw_claim_unlock
                0x10001510       0x14 CMakeFiles/DisplayC.dir/home/mdlos/.pico-sdk/sdk/2.1.0/src/common/hardware_claim/claim.c.o
                0x10001510                hw_claim_unlock
 .text.hw_claim_or_assert
                0x10001524       0x44 CMakeFiles/DisplayC.dir/home/mdlos/.pico-sdk/sdk/2.1.0/src/common/hardware_claim/claim.c.o
                0x10001524                hw_claim_or_assert
 .text.hw_claim_unused_from_range
                0x10001568       0x9c CMakeFiles/DisplayC.dir/home/mdlos/.pico-sdk/sdk/2.1.0/src/common/hardware_claim/claim.c.o
                0x10001568                hw_claim_unused_from_range
 .text.next_striped_spin_lock_num
                0x10001604       0x18 CMakeFiles/DisplayC.dir/home/mdlos/.pico-sdk/sdk/2.1.0/src/rp2_common/hardware_sync/sync.c.o
                0x10001604                next_striped_spin_lock_num
 .text.spin_lock_claim_unused
                0x1000161c       0x24 CMakeFiles/DisplayC.dir/home/mdlos/.pico-sdk/sdk/2.1.0/src/rp2_common/hardware_sync/sync.c.o
                0x1000161c                spin_lock_claim_unused
 .text.spin_locks_reset
                0x10001640       0x1c CMakeFiles/DisplayC.dir/home/mdlos/.pico-sdk/sdk/2.1.0/src/rp2_common/hardware_sync_spin_lock/sync_spin_lock.c.o
                0x10001640                spin_locks_reset
 .text.runtime_init_per_core_irq_priorities
                0x1000165c       0x24 CMakeFiles/DisplayC.dir/home/mdlos/.pico-sdk/sdk/2.1.0/src/rp2_common/hardware_irq/irq.c.o
                0x1000165c                runtime_init_per_core_irq_priorities
 .text.irq_set_enabled
                0x10001680       0x24 CMakeFiles/DisplayC.dir/home/mdlos/.pico-sdk/sdk/2.1.0/src/rp2_common/hardware_irq/irq.c.o
                0x10001680                irq_set_enabled
 .text.irq_is_enabled
                0x100016a4       0x18 CMakeFiles/DisplayC.dir/home/mdlos/.pico-sdk/sdk/2.1.0/src/rp2_common/hardware_irq/irq.c.o
                0x100016a4                irq_is_enabled
 .text.irq_set_pending
                0x100016bc       0x10 CMakeFiles/DisplayC.dir/home/mdlos/.pico-sdk/sdk/2.1.0/src/rp2_common/hardware_irq/irq.c.o
                0x100016bc                irq_set_pending
 .text.irq_has_shared_handler
                0x100016cc       0x2c CMakeFiles/DisplayC.dir/home/mdlos/.pico-sdk/sdk/2.1.0/src/rp2_common/hardware_irq/irq.c.o
                0x100016cc                irq_has_shared_handler
 .text.irq_set_exclusive_handler
                0x100016f8       0x54 CMakeFiles/DisplayC.dir/home/mdlos/.pico-sdk/sdk/2.1.0/src/rp2_common/hardware_irq/irq.c.o
                0x100016f8                irq_set_exclusive_handler
 .text.irq_add_shared_handler
                0x1000174c      0x1f4 CMakeFiles/DisplayC.dir/home/mdlos/.pico-sdk/sdk/2.1.0/src/rp2_common/hardware_irq/irq.c.o
                0x1000174c                irq_add_shared_handler
 .text.irq_remove_handler
                0x10001940      0x1d4 CMakeFiles/DisplayC.dir/home/mdlos/.pico-sdk/sdk/2.1.0/src/rp2_common/hardware_irq/irq.c.o
                0x10001940                irq_remove_handler
 .text.irq_add_tail_to_free_list
                0x10001b14       0xb4 CMakeFiles/DisplayC.dir/home/mdlos/.pico-sdk/sdk/2.1.0/src/rp2_common/hardware_irq/irq.c.o
                0x10001b14                irq_add_tail_to_free_list
 .text.user_irq_claim_unused
                0x10001bc8       0x2c CMakeFiles/DisplayC.dir/home/mdlos/.pico-sdk/sdk/2.1.0/src/rp2_common/hardware_irq/irq.c.o
                0x10001bc8                user_irq_claim_unused
 .text.lock_init
                0x10001bf4       0x10 CMakeFiles/DisplayC.dir/home/mdlos/.pico-sdk/sdk/2.1.0/src/common/pico_sync/lock_core.c.o
                0x10001bf4                lock_init
 .text.runtime_init_mutex
                0x10001c04       0x50 CMakeFiles/DisplayC.dir/home/mdlos/.pico-sdk/sdk/2.1.0/src/common/pico_sync/mutex.c.o
                0x10001c04                runtime_init_mutex
 .text.mutex_init
                0x10001c54       0x1c CMakeFiles/DisplayC.dir/home/mdlos/.pico-sdk/sdk/2.1.0/src/common/pico_sync/mutex.c.o
                0x10001c54                mutex_init
 .text.critical_section_init
                0x10001c70       0x1c CMakeFiles/DisplayC.dir/home/mdlos/.pico-sdk/sdk/2.1.0/src/common/pico_sync/critical_section.c.o
                0x10001c70                critical_section_init
 .text.critical_section_init_with_lock_num
                0x10001c8c       0x14 CMakeFiles/DisplayC.dir/home/mdlos/.pico-sdk/sdk/2.1.0/src/common/pico_sync/critical_section.c.o
                0x10001c8c                critical_section_init_with_lock_num
 .text.sleep_until_callback
                0x10001ca0       0x30 CMakeFiles/DisplayC.dir/home/mdlos/.pico-sdk/sdk/2.1.0/src/common/pico_time/time.c.o
 .text.alarm_pool_irq_handler
                0x10001cd0      0x2fc CMakeFiles/DisplayC.dir/home/mdlos/.pico-sdk/sdk/2.1.0/src/common/pico_time/time.c.o
 .text.runtime_init_default_alarm_pool
                0x10001fcc       0xdc CMakeFiles/DisplayC.dir/home/mdlos/.pico-sdk/sdk/2.1.0/src/common/pico_time/time.c.o
                0x10001fcc                runtime_init_default_alarm_pool
 .text.alarm_pool_get_default
                0x100020a8        0x8 CMakeFiles/DisplayC.dir/home/mdlos/.pico-sdk/sdk/2.1.0/src/common/pico_time/time.c.o
                0x100020a8                alarm_pool_get_default
 .text.alarm_pool_add_alarm_at
                0x100020b0       0xd4 CMakeFiles/DisplayC.dir/home/mdlos/.pico-sdk/sdk/2.1.0/src/common/pico_time/time.c.o
                0x100020b0                alarm_pool_add_alarm_at
 .text.alarm_pool_add_alarm_at_force_in_context
                0x10002184       0xb0 CMakeFiles/DisplayC.dir/home/mdlos/.pico-sdk/sdk/2.1.0/src/common/pico_time/time.c.o
                0x10002184                alarm_pool_add_alarm_at_force_in_context
 .text.alarm_pool_cancel_alarm
                0x10002234       0x74 CMakeFiles/DisplayC.dir/home/mdlos/.pico-sdk/sdk/2.1.0/src/common/pico_time/time.c.o
                0x10002234                alarm_pool_cancel_alarm
 .text.alarm_pool_core_num
                0x100022a8        0x4 CMakeFiles/DisplayC.dir/home/mdlos/.pico-sdk/sdk/2.1.0/src/common/pico_time/time.c.o
                0x100022a8                alarm_pool_core_num
 .text.sleep_until
                0x100022ac       0xd8 CMakeFiles/DisplayC.dir/home/mdlos/.pico-sdk/sdk/2.1.0/src/common/pico_time/time.c.o
                0x100022ac                sleep_until
 .text.sleep_ms
                0x10002384       0x38 CMakeFiles/DisplayC.dir/home/mdlos/.pico-sdk/sdk/2.1.0/src/common/pico_time/time.c.o
                0x10002384                sleep_ms
 .text.best_effort_wfe_or_timeout
                0x100023bc       0xe0 CMakeFiles/DisplayC.dir/home/mdlos/.pico-sdk/sdk/2.1.0/src/common/pico_time/time.c.o
                0x100023bc                best_effort_wfe_or_timeout
 .text.timer_hardware_alarm_claim
                0x1000249c       0x14 CMakeFiles/DisplayC.dir/home/mdlos/.pico-sdk/sdk/2.1.0/src/rp2_common/hardware_timer/timer.c.o
                0x1000249c                timer_hardware_alarm_claim
 .text.timer_time_us_64
                0x100024b0       0x10 CMakeFiles/DisplayC.dir/home/mdlos/.pico-sdk/sdk/2.1.0/src/rp2_common/hardware_timer/timer.c.o
                0x100024b0                timer_time_us_64
 .text.time_us_64
                0x100024c0       0x14 CMakeFiles/DisplayC.dir/home/mdlos/.pico-sdk/sdk/2.1.0/src/rp2_common/hardware_timer/timer.c.o
                0x100024c0                time_us_64
 .text.busy_wait_us
                0x100024d4       0x68 CMakeFiles/DisplayC.dir/home/mdlos/.pico-sdk/sdk/2.1.0/src/rp2_common/hardware_timer/timer.c.o
                0x100024d4                busy_wait_us
 .text.busy_wait_until
                0x1000253c       0x20 CMakeFiles/DisplayC.dir/home/mdlos/.pico-sdk/sdk/2.1.0/src/rp2_common/hardware_timer/timer.c.o
                0x1000253c                busy_wait_until
 .text.clock_configure_int_divider
                0x1000255c       0xf4 CMakeFiles/DisplayC.dir/home/mdlos/.pico-sdk/sdk/2.1.0/src/rp2_common/hardware_clocks/clocks.c.o
                0x1000255c                clock_configure_int_divider
 .text.clock_configure_undivided
                0x10002650       0xe8 CMakeFiles/DisplayC.dir/home/mdlos/.pico-sdk/sdk/2.1.0/src/rp2_common/hardware_clocks/clocks.c.o
                0x10002650                clock_configure_undivided
 .text.clock_get_hz
                0x10002738        0xc CMakeFiles/DisplayC.dir/home/mdlos/.pico-sdk/sdk/2.1.0/src/rp2_common/hardware_clocks/clocks.c.o
                0x10002738                clock_get_hz
 .text.pll_init
                0x10002744       0xa4 CMakeFiles/DisplayC.dir/home/mdlos/.pico-sdk/sdk/2.1.0/src/rp2_common/hardware_pll/pll.c.o
                0x10002744                pll_init
 .text.watchdog_reboot
                0x100027e8       0x9c CMakeFiles/DisplayC.dir/home/mdlos/.pico-sdk/sdk/2.1.0/src/rp2_common/hardware_watchdog/watchdog.c.o
                0x100027e8                watchdog_reboot
 .text.tick_start
                0x10002884       0x10 CMakeFiles/DisplayC.dir/home/mdlos/.pico-sdk/sdk/2.1.0/src/rp2_common/hardware_ticks/ticks.c.o
                0x10002884                tick_start
 .text.rom_func_lookup
                0x10002894       0x10 CMakeFiles/DisplayC.dir/home/mdlos/.pico-sdk/sdk/2.1.0/src/rp2_common/pico_bootrom/bootrom.c.o
                0x10002894                rom_func_lookup
 .text.rom_data_lookup
                0x100028a4       0x10 CMakeFiles/DisplayC.dir/home/mdlos/.pico-sdk/sdk/2.1.0/src/rp2_common/pico_bootrom/bootrom.c.o
                0x100028a4                rom_data_lookup
 .text.rom_funcs_lookup
                0x100028b4       0x44 CMakeFiles/DisplayC.dir/home/mdlos/.pico-sdk/sdk/2.1.0/src/rp2_common/pico_bootrom/bootrom.c.o
                0x100028b4                rom_funcs_lookup
 .text.rom_reset_usb_boot_extra
                0x100028f8       0x28 CMakeFiles/DisplayC.dir/home/mdlos/.pico-sdk/sdk/2.1.0/src/rp2_common/pico_bootrom/bootrom.c.o
                0x100028f8                rom_reset_usb_boot_extra
 .text.xosc_init
                0x10002920       0x28 CMakeFiles/DisplayC.dir/home/mdlos/.pico-sdk/sdk/2.1.0/src/rp2_common/hardware_xosc/xosc.c.o
                0x10002920                xosc_init
 .text.first_per_core_initializer
                0x10002948        0x4 CMakeFiles/DisplayC.dir/home/mdlos/.pico-sdk/sdk/2.1.0/src/rp2_common/pico_runtime/runtime.c.o
 .text.hard_assertion_failure
                0x1000294c        0xc CMakeFiles/DisplayC.dir/home/mdlos/.pico-sdk/sdk/2.1.0/src/rp2_common/pico_runtime/runtime.c.o
                0x1000294c                hard_assertion_failure
 .text.runtime_run_initializers
                0x10002958       0x28 CMakeFiles/DisplayC.dir/home/mdlos/.pico-sdk/sdk/2.1.0/src/rp2_common/pico_runtime/runtime.c.o
                0x10002958                runtime_run_initializers
 .text.runtime_init_early_resets
                0x10002980       0x2c CMakeFiles/DisplayC.dir/home/mdlos/.pico-sdk/sdk/2.1.0/src/rp2_common/pico_runtime_init/runtime_init.c.o
                0x10002980                runtime_init_early_resets
 .text.runtime_init_usb_power_down
                0x100029ac       0x1c CMakeFiles/DisplayC.dir/home/mdlos/.pico-sdk/sdk/2.1.0/src/rp2_common/pico_runtime_init/runtime_init.c.o
                0x100029ac                runtime_init_usb_power_down
 .text.runtime_init_post_clock_resets
                0x100029c8       0x20 CMakeFiles/DisplayC.dir/home/mdlos/.pico-sdk/sdk/2.1.0/src/rp2_common/pico_runtime_init/runtime_init.c.o
                0x100029c8                runtime_init_post_clock_resets
 .text.runtime_init_rp2040_gpio_ie_disable
                0x100029e8       0x14 CMakeFiles/DisplayC.dir/home/mdlos/.pico-sdk/sdk/2.1.0/src/rp2_common/pico_runtime_init/runtime_init.c.o
                0x100029e8                runtime_init_rp2040_gpio_ie_disable
 .text.runtime_init_spin_locks_reset
                0x100029fc        0x8 CMakeFiles/DisplayC.dir/home/mdlos/.pico-sdk/sdk/2.1.0/src/rp2_common/pico_runtime_init/runtime_init.c.o
                0x100029fc                runtime_init_spin_locks_reset
 .text.runtime_init_install_ram_vector_table
                0x10002a04       0x1c CMakeFiles/DisplayC.dir/home/mdlos/.pico-sdk/sdk/2.1.0/src/rp2_common/pico_runtime_init/runtime_init.c.o
                0x10002a04                runtime_init_install_ram_vector_table
 .text.runtime_init_clocks
                0x10002a20       0xd8 CMakeFiles/DisplayC.dir/home/mdlos/.pico-sdk/sdk/2.1.0/src/rp2_common/pico_runtime_init/runtime_init_clocks.c.o
                0x10002a20                runtime_init_clocks
 .text          0x10002af8       0x10 CMakeFiles/DisplayC.dir/home/mdlos/.pico-sdk/sdk/2.1.0/src/rp2_common/pico_bit_ops/bit_ops_aeabi.S.o
 .text.__wrap___aeabi_idiv
                0x10002b08       0x50 CMakeFiles/DisplayC.dir/home/mdlos/.pico-sdk/sdk/2.1.0/src/rp2_common/pico_divider/divider_hardware.S.o
                0x10002b08                __wrap___aeabi_idivmod
                0x10002b08                divmod_s32s32
                0x10002b08                div_s32s32
                0x10002b08                __wrap___aeabi_idiv
                0x10002b10                divmod_s32s32_unsafe
                0x10002b3c                divmod_s32s32_savestate
 .text.__wrap___aeabi_uidiv
                0x10002b58       0x4c CMakeFiles/DisplayC.dir/home/mdlos/.pico-sdk/sdk/2.1.0/src/rp2_common/pico_divider/divider_hardware.S.o
                0x10002b58                __wrap___aeabi_uidiv
                0x10002b58                __wrap___aeabi_uidivmod
                0x10002b58                div_u32u32
                0x10002b58                divmod_u32u32
                0x10002b60                divmod_u32u32_unsafe
                0x10002b88                divmod_u32u32_savestate
 .text.__wrap___aeabi_ldiv
                0x10002ba4      0x424 CMakeFiles/DisplayC.dir/home/mdlos/.pico-sdk/sdk/2.1.0/src/rp2_common/pico_divider/divider_hardware.S.o
                0x10002ba4                div_s64s64
                0x10002ba4                divmod_s64s64
                0x10002ba4                __wrap___aeabi_ldivmod
                0x10002bd4                div_u64u64
                0x10002bd4                divmod_u64u64
                0x10002bd4                __wrap___aeabi_uldivmod
                0x10002be4                divmod_u64u64_savestate
                0x10002c04                divmod_s64s64_unsafe
                0x10002c8c                divmod_u64u64_unsafe
 .text.__wrap___aeabi_darithmetic
                0x10002fc8       0x80 CMakeFiles/DisplayC.dir/home/mdlos/.pico-sdk/sdk/2.1.0/src/rp2_common/pico_double/double_aeabi_rp2040.S.o
                0x10002fc8                __wrap___aeabi_drsub
                0x10002fce                __wrap___aeabi_dsub
                0x10002fe0                __wrap___aeabi_dadd
                0x10002ff2                __wrap___aeabi_ddiv
                0x1000302e                __wrap___aeabi_dmul
 .text.__wrap___aeabi_cdcmple
                0x10003048       0x6c CMakeFiles/DisplayC.dir/home/mdlos/.pico-sdk/sdk/2.1.0/src/rp2_common/pico_double/double_aeabi_rp2040.S.o
                0x10003048                __wrap___aeabi_cdrcmple
                0x10003058                __wrap___aeabi_cdcmple
                0x10003058                __wrap___aeabi_cdcmpeq
 .text.__wrap___aeabi_dcmplt
                0x100030b4        0xc CMakeFiles/DisplayC.dir/home/mdlos/.pico-sdk/sdk/2.1.0/src/rp2_common/pico_double/double_aeabi_rp2040.S.o
                0x100030b4                __wrap___aeabi_dcmplt
 .text.__wrap___aeabi_dcmpge
                0x100030c0       0x10 CMakeFiles/DisplayC.dir/home/mdlos/.pico-sdk/sdk/2.1.0/src/rp2_common/pico_double/double_aeabi_rp2040.S.o
                0x100030c0                __wrap___aeabi_dcmpge
 .text.__wrap___aeabi_dcmpgt
                0x100030d0        0xa CMakeFiles/DisplayC.dir/home/mdlos/.pico-sdk/sdk/2.1.0/src/rp2_common/pico_double/double_aeabi_rp2040.S.o
                0x100030d0                __wrap___aeabi_dcmpgt
 .text.__wrap___aeabi_dcmpun
                0x100030da       0x18 CMakeFiles/DisplayC.dir/home/mdlos/.pico-sdk/sdk/2.1.0/src/rp2_common/pico_double/double_aeabi_rp2040.S.o
                0x100030da                __wrap___aeabi_dcmpun
 *fill*         0x100030f2        0x2 
 .text.__wrap___aeabi_i2d
                0x100030f4       0x38 CMakeFiles/DisplayC.dir/home/mdlos/.pico-sdk/sdk/2.1.0/src/rp2_common/pico_double/double_aeabi_rp2040.S.o
                0x100030f4                __wrap___aeabi_ui2d
                0x100030fc                __wrap___aeabi_i2d
 .text.__wrap___aeabi_d2iz
                0x1000312c       0x48 CMakeFiles/DisplayC.dir/home/mdlos/.pico-sdk/sdk/2.1.0/src/rp2_common/pico_double/double_aeabi_rp2040.S.o
                0x1000312c                __wrap___aeabi_d2iz
                0x1000312c                double2int_z
 .text.__wrap___aeabi_d2uiz
                0x10003174       0x18 CMakeFiles/DisplayC.dir/home/mdlos/.pico-sdk/sdk/2.1.0/src/rp2_common/pico_double/double_aeabi_rp2040.S.o
                0x10003174                double2uint
                0x10003174                __wrap___aeabi_d2uiz
 .text.__aeabi_double_init
                0x1000318c       0xa4 CMakeFiles/DisplayC.dir/home/mdlos/.pico-sdk/sdk/2.1.0/src/rp2_common/pico_double/double_init_rom_rp2040.c.o
                0x1000318c                __aeabi_double_init
 .text.double_table_shim_on_use_helper
                0x10003230       0x2c CMakeFiles/DisplayC.dir/home/mdlos/.pico-sdk/sdk/2.1.0/src/rp2_common/pico_double/double_v1_rom_shim_rp2040.S.o
                0x10003230                double_table_shim_on_use_helper
 .text.__wrap___aeabi_dsub
                0x1000325c       0x10 CMakeFiles/DisplayC.dir/home/mdlos/.pico-sdk/sdk/2.1.0/src/rp2_common/pico_double/double_v1_rom_shim_rp2040.S.o
                0x1000325c                drsub_shim
                0x10003262                dsub_shim
 .text.dadd_shim
                0x1000326c      0x15c CMakeFiles/DisplayC.dir/home/mdlos/.pico-sdk/sdk/2.1.0/src/rp2_common/pico_double/double_v1_rom_shim_rp2040.S.o
                0x1000326c                dadd_shim
 .text.dmul_shim
                0x100033c8      0x15c CMakeFiles/DisplayC.dir/home/mdlos/.pico-sdk/sdk/2.1.0/src/rp2_common/pico_double/double_v1_rom_shim_rp2040.S.o
                0x100033c8                dmul_shim
 .text.ddiv_shim
                0x10003524      0x1b0 CMakeFiles/DisplayC.dir/home/mdlos/.pico-sdk/sdk/2.1.0/src/rp2_common/pico_double/double_v1_rom_shim_rp2040.S.o
                0x10003524                ddiv_shim
 .text.double2uint_shim
                0x100036d4        0xe CMakeFiles/DisplayC.dir/home/mdlos/.pico-sdk/sdk/2.1.0/src/rp2_common/pico_double/double_v1_rom_shim_rp2040.S.o
                0x100036d4                double2uint_shim
                0x100036d6                double2ufix_shim
 *fill*         0x100036e2        0x2 
 .text.double2uint64_shim
                0x100036e4       0x70 CMakeFiles/DisplayC.dir/home/mdlos/.pico-sdk/sdk/2.1.0/src/rp2_common/pico_double/double_v1_rom_shim_rp2040.S.o
                0x100036e4                double2uint64_shim
                0x100036e6                double2ufix64_shim
                0x10003706                d2fix_a
 .text.dunpacks
                0x10003754       0x3c CMakeFiles/DisplayC.dir/home/mdlos/.pico-sdk/sdk/2.1.0/src/rp2_common/pico_double/double_v1_rom_shim_rp2040.S.o
                0x10003754                dunpacks
 .text.__aeabi_lmul
                0x10003790       0x32 CMakeFiles/DisplayC.dir/home/mdlos/.pico-sdk/sdk/2.1.0/src/rp2_common/pico_int64_ops/pico_int64_ops_aeabi.S.o
                0x10003790                __wrap___aeabi_lmul
 *fill*         0x100037c2        0x2 
 .text.__wrap___aeabi_farithmetic
                0x100037c4       0x48 CMakeFiles/DisplayC.dir/home/mdlos/.pico-sdk/sdk/2.1.0/src/rp2_common/pico_float/float_aeabi_rp2040.S.o
                0x100037c4                __wrap___aeabi_frsub
                0x100037ca                __wrap___aeabi_fsub
                0x100037d0                __wrap___aeabi_fadd
                0x100037d6                __wrap___aeabi_fdiv
                0x100037fe                __wrap___aeabi_fmul
 .text.__wrap___aeabi_ui2f
                0x1000380c        0xa CMakeFiles/DisplayC.dir/home/mdlos/.pico-sdk/sdk/2.1.0/src/rp2_common/pico_float/float_aeabi_rp2040.S.o
                0x1000380c                uint2float
                0x1000380c                __wrap___aeabi_ui2f
 *fill*         0x10003816        0x2 
 .text.__wrap___aeabi_i2f
                0x10003818       0x44 CMakeFiles/DisplayC.dir/home/mdlos/.pico-sdk/sdk/2.1.0/src/rp2_common/pico_float/float_aeabi_rp2040.S.o
                0x10003818                int2float
                0x10003818                __wrap___aeabi_i2f
 .text.__wrap___aeabi_f2uiz
                0x1000385c        0xc CMakeFiles/DisplayC.dir/home/mdlos/.pico-sdk/sdk/2.1.0/src/rp2_common/pico_float/float_aeabi_rp2040.S.o
                0x1000385c                float2uint_z
                0x1000385c                __wrap___aeabi_f2uiz
 .text.__aeabi_float_init
                0x10003868       0x64 CMakeFiles/DisplayC.dir/home/mdlos/.pico-sdk/sdk/2.1.0/src/rp2_common/pico_float/float_init_rom_rp2040.c.o
                0x10003868                __aeabi_float_init
 .text.float_table_shim_on_use_helper
                0x100038cc       0x2c CMakeFiles/DisplayC.dir/home/mdlos/.pico-sdk/sdk/2.1.0/src/rp2_common/pico_float/float_v1_rom_shim_rp2040.S.o
                0x100038cc                float_table_shim_on_use_helper
 .text.__wrap_calloc
                0x100038f8       0x44 CMakeFiles/DisplayC.dir/home/mdlos/.pico-sdk/sdk/2.1.0/src/rp2_common/pico_malloc/malloc.c.o
                0x100038f8                __wrap_calloc
 .text          0x1000393c       0x10 CMakeFiles/DisplayC.dir/home/mdlos/.pico-sdk/sdk/2.1.0/src/rp2_common/pico_mem_ops/mem_ops_aeabi.S.o
                0x1000393c                __aeabi_mem_init
 .text.memset   0x1000394c        0xc CMakeFiles/DisplayC.dir/home/mdlos/.pico-sdk/sdk/2.1.0/src/rp2_common/pico_mem_ops/mem_ops_aeabi.S.o
                0x1000394c                __wrap_memset
 .text.memcpy   0x10003958        0xc CMakeFiles/DisplayC.dir/home/mdlos/.pico-sdk/sdk/2.1.0/src/rp2_common/pico_mem_ops/mem_ops_aeabi.S.o
                0x10003958                __wrap___aeabi_memcpy
                0x10003958                __wrap_memcpy
 .text._out_null
                0x10003964        0x4 CMakeFiles/DisplayC.dir/home/mdlos/.pico-sdk/sdk/2.1.0/src/rp2_common/pico_printf/printf.c.o
 .text._out_rev
                0x10003968       0xac CMakeFiles/DisplayC.dir/home/mdlos/.pico-sdk/sdk/2.1.0/src/rp2_common/pico_printf/printf.c.o
 .text._ntoa_format
                0x10003a14      0x250 CMakeFiles/DisplayC.dir/home/mdlos/.pico-sdk/sdk/2.1.0/src/rp2_common/pico_printf/printf.c.o
 .text._out_char
                0x10003c64       0x10 CMakeFiles/DisplayC.dir/home/mdlos/.pico-sdk/sdk/2.1.0/src/rp2_common/pico_printf/printf.c.o
 .text._out_fct
                0x10003c74       0x10 CMakeFiles/DisplayC.dir/home/mdlos/.pico-sdk/sdk/2.1.0/src/rp2_common/pico_printf/printf.c.o
 .text._etoa    0x10003c84      0x464 CMakeFiles/DisplayC.dir/home/mdlos/.pico-sdk/sdk/2.1.0/src/rp2_common/pico_printf/printf.c.o
 .text._ftoa    0x100040e8      0x3c0 CMakeFiles/DisplayC.dir/home/mdlos/.pico-sdk/sdk/2.1.0/src/rp2_common/pico_printf/printf.c.o
 .text._vsnprintf
                0x100044a8      0xbc8 CMakeFiles/DisplayC.dir/home/mdlos/.pico-sdk/sdk/2.1.0/src/rp2_common/pico_printf/printf.c.o
 .text.vfctprintf
                0x10005070       0x20 CMakeFiles/DisplayC.dir/home/mdlos/.pico-sdk/sdk/2.1.0/src/rp2_common/pico_printf/printf.c.o
                0x10005070                vfctprintf
 .text.weak_raw_vprintf
                0x10005090       0x30 CMakeFiles/DisplayC.dir/home/mdlos/.pico-sdk/sdk/2.1.0/src/rp2_common/pico_printf/printf.c.o
                0x10005090                weak_raw_vprintf
 .text._exit    0x100050c0        0x4 CMakeFiles/DisplayC.dir/home/mdlos/.pico-sdk/sdk/2.1.0/src/rp2_common/pico_clib_interface/newlib_interface.c.o
                0x100050c0                _exit
 .text._sbrk    0x100050c4       0x34 CMakeFiles/DisplayC.dir/home/mdlos/.pico-sdk/sdk/2.1.0/src/rp2_common/pico_clib_interface/newlib_interface.c.o
                0x100050c4                _sbrk
 .text.exit     0x100050f8        0x8 CMakeFiles/DisplayC.dir/home/mdlos/.pico-sdk/sdk/2.1.0/src/rp2_common/pico_clib_interface/newlib_interface.c.o
                0x100050f8                exit
 .text.runtime_init
                0x10005100       0x2c CMakeFiles/DisplayC.dir/home/mdlos/.pico-sdk/sdk/2.1.0/src/rp2_common/pico_clib_interface/newlib_interface.c.o
                0x10005100                runtime_init
 .text.stdio_out_chars_no_crlf
                0x1000512c       0x10 CMakeFiles/DisplayC.dir/home/mdlos/.pico-sdk/sdk/2.1.0/src/rp2_common/pico_stdio/stdio.c.o
 .text.stdio_out_chars_crlf
                0x1000513c       0x94 CMakeFiles/DisplayC.dir/home/mdlos/.pico-sdk/sdk/2.1.0/src/rp2_common/pico_stdio/stdio.c.o
 .text.stdio_buffered_printer
                0x100051d0       0x64 CMakeFiles/DisplayC.dir/home/mdlos/.pico-sdk/sdk/2.1.0/src/rp2_common/pico_stdio/stdio.c.o
 .text.stdio_put_string
                0x10005234      0x100 CMakeFiles/DisplayC.dir/home/mdlos/.pico-sdk/sdk/2.1.0/src/rp2_common/pico_stdio/stdio.c.o
                0x10005234                stdio_put_string
 .text.stdio_set_driver_enabled
                0x10005334       0x30 CMakeFiles/DisplayC.dir/home/mdlos/.pico-sdk/sdk/2.1.0/src/rp2_common/pico_stdio/stdio.c.o
                0x10005334                stdio_set_driver_enabled
 .text.stdio_init_all
                0x10005364        0x8 CMakeFiles/DisplayC.dir/home/mdlos/.pico-sdk/sdk/2.1.0/src/rp2_common/pico_stdio/stdio.c.o
                0x10005364                stdio_init_all
 .text.stdio_getchar_timeout_us
                0x1000536c       0x98 CMakeFiles/DisplayC.dir/home/mdlos/.pico-sdk/sdk/2.1.0/src/rp2_common/pico_stdio/stdio.c.o
                0x1000536c                stdio_getchar_timeout_us
 .text.__wrap_putchar
                0x10005404       0x98 CMakeFiles/DisplayC.dir/home/mdlos/.pico-sdk/sdk/2.1.0/src/rp2_common/pico_stdio/stdio.c.o
                0x10005404                stdio_putchar
                0x10005404                __wrap_putchar
 .text.__wrap_puts
                0x1000549c       0x3c CMakeFiles/DisplayC.dir/home/mdlos/.pico-sdk/sdk/2.1.0/src/rp2_common/pico_stdio/stdio.c.o
                0x1000549c                __wrap_puts
                0x1000549c                stdio_puts
 .text.__wrap_vprintf
                0x100054d8       0xd4 CMakeFiles/DisplayC.dir/home/mdlos/.pico-sdk/sdk/2.1.0/src/rp2_common/pico_stdio/stdio.c.o
                0x100054d8                __wrap_vprintf
                0x100054d8                stdio_vprintf
 .text.__wrap_printf
                0x100055ac       0x18 CMakeFiles/DisplayC.dir/home/mdlos/.pico-sdk/sdk/2.1.0/src/rp2_common/pico_stdio/stdio.c.o
                0x100055ac                stdio_printf
                0x100055ac                __wrap_printf
 .text.resetd_init
                0x100055c4        0x4 CMakeFiles/DisplayC.dir/home/mdlos/.pico-sdk/sdk/2.1.0/src/rp2_common/pico_stdio_usb/reset_interface.c.o
 .text.resetd_reset
                0x100055c8        0xc CMakeFiles/DisplayC.dir/home/mdlos/.pico-sdk/sdk/2.1.0/src/rp2_common/pico_stdio_usb/reset_interface.c.o
 .text.resetd_open
                0x100055d4       0x28 CMakeFiles/DisplayC.dir/home/mdlos/.pico-sdk/sdk/2.1.0/src/rp2_common/pico_stdio_usb/reset_interface.c.o
 .text.resetd_xfer_cb
                0x100055fc        0x4 CMakeFiles/DisplayC.dir/home/mdlos/.pico-sdk/sdk/2.1.0/src/rp2_common/pico_stdio_usb/reset_interface.c.o
 .text.resetd_control_xfer_cb
                0x10005600       0x5c CMakeFiles/DisplayC.dir/home/mdlos/.pico-sdk/sdk/2.1.0/src/rp2_common/pico_stdio_usb/reset_interface.c.o
 .text.tud_descriptor_bos_cb
                0x1000565c        0x8 CMakeFiles/DisplayC.dir/home/mdlos/.pico-sdk/sdk/2.1.0/src/rp2_common/pico_stdio_usb/reset_interface.c.o
                0x1000565c                tud_descriptor_bos_cb
 .text.tud_vendor_control_xfer_cb
                0x10005664       0x34 CMakeFiles/DisplayC.dir/home/mdlos/.pico-sdk/sdk/2.1.0/src/rp2_common/pico_stdio_usb/reset_interface.c.o
                0x10005664                tud_vendor_control_xfer_cb
 .text.usbd_app_driver_get_cb
                0x10005698        0xc CMakeFiles/DisplayC.dir/home/mdlos/.pico-sdk/sdk/2.1.0/src/rp2_common/pico_stdio_usb/reset_interface.c.o
                0x10005698                usbd_app_driver_get_cb
 .text.tud_cdc_line_coding_cb
                0x100056a4       0x2c CMakeFiles/DisplayC.dir/home/mdlos/.pico-sdk/sdk/2.1.0/src/rp2_common/pico_stdio_usb/reset_interface.c.o
                0x100056a4                tud_cdc_line_coding_cb
 .text.stdio_usb_set_chars_available_callback
                0x100056d0       0x14 CMakeFiles/DisplayC.dir/home/mdlos/.pico-sdk/sdk/2.1.0/src/rp2_common/pico_stdio_usb/stdio_usb.c.o
                0x100056d0                stdio_usb_set_chars_available_callback
 .text.usb_irq  0x100056e4       0x10 CMakeFiles/DisplayC.dir/home/mdlos/.pico-sdk/sdk/2.1.0/src/rp2_common/pico_stdio_usb/stdio_usb.c.o
 .text.timer_task
                0x100056f4       0x64 CMakeFiles/DisplayC.dir/home/mdlos/.pico-sdk/sdk/2.1.0/src/rp2_common/pico_stdio_usb/stdio_usb.c.o
 .text.stdio_usb_in_chars
                0x10005758       0x90 CMakeFiles/DisplayC.dir/home/mdlos/.pico-sdk/sdk/2.1.0/src/rp2_common/pico_stdio_usb/stdio_usb.c.o
                0x10005758                stdio_usb_in_chars
 .text.stdio_usb_out_flush
                0x100057e8       0x50 CMakeFiles/DisplayC.dir/home/mdlos/.pico-sdk/sdk/2.1.0/src/rp2_common/pico_stdio_usb/stdio_usb.c.o
 .text.stdio_usb_out_chars
                0x10005838      0x104 CMakeFiles/DisplayC.dir/home/mdlos/.pico-sdk/sdk/2.1.0/src/rp2_common/pico_stdio_usb/stdio_usb.c.o
 .text.low_priority_worker_irq
                0x1000593c       0xcc CMakeFiles/DisplayC.dir/home/mdlos/.pico-sdk/sdk/2.1.0/src/rp2_common/pico_stdio_usb/stdio_usb.c.o
 .text.stdio_usb_init
                0x10005a08       0xe8 CMakeFiles/DisplayC.dir/home/mdlos/.pico-sdk/sdk/2.1.0/src/rp2_common/pico_stdio_usb/stdio_usb.c.o
                0x10005a08                stdio_usb_init
 .text.stdio_usb_connected
                0x10005af0        0xc CMakeFiles/DisplayC.dir/home/mdlos/.pico-sdk/sdk/2.1.0/src/rp2_common/pico_stdio_usb/stdio_usb.c.o
                0x10005af0                stdio_usb_connected
 .text.tud_descriptor_device_cb
                0x10005afc        0x8 CMakeFiles/DisplayC.dir/home/mdlos/.pico-sdk/sdk/2.1.0/src/rp2_common/pico_stdio_usb/stdio_usb_descriptors.c.o
                0x10005afc                tud_descriptor_device_cb
 .text.tud_descriptor_configuration_cb
                0x10005b04        0x8 CMakeFiles/DisplayC.dir/home/mdlos/.pico-sdk/sdk/2.1.0/src/rp2_common/pico_stdio_usb/stdio_usb_descriptors.c.o
                0x10005b04                tud_descriptor_configuration_cb
 .text.tud_descriptor_string_cb
                0x10005b0c       0x78 CMakeFiles/DisplayC.dir/home/mdlos/.pico-sdk/sdk/2.1.0/src/rp2_common/pico_stdio_usb/stdio_usb_descriptors.c.o
                0x10005b0c                tud_descriptor_string_cb
 .text.startup._retrieve_unique_id_on_boot
                0x10005b84       0x10 CMakeFiles/DisplayC.dir/home/mdlos/.pico-sdk/sdk/2.1.0/src/rp2_common/pico_unique_id/unique_id.c.o
 .text.pico_get_unique_board_id_string
                0x10005b94      0x1a8 CMakeFiles/DisplayC.dir/home/mdlos/.pico-sdk/sdk/2.1.0/src/rp2_common/pico_unique_id/unique_id.c.o
                0x10005b94                pico_get_unique_board_id_string
 .text.flash_get_unique_id
                0x10005d3c       0x3c CMakeFiles/DisplayC.dir/home/mdlos/.pico-sdk/sdk/2.1.0/src/rp2_common/hardware_flash/flash.c.o
                0x10005d3c                flash_get_unique_id
 .text.dcd_init
                0x10005d78       0x8c CMakeFiles/DisplayC.dir/home/mdlos/.pico-sdk/sdk/2.1.0/lib/tinyusb/src/portable/raspberrypi/rp2040/dcd_rp2040.c.o
                0x10005d78                dcd_init
 .text.dcd_int_enable
                0x10005e04        0xc CMakeFiles/DisplayC.dir/home/mdlos/.pico-sdk/sdk/2.1.0/lib/tinyusb/src/portable/raspberrypi/rp2040/dcd_rp2040.c.o
                0x10005e04                dcd_int_enable
 .text.dcd_set_address
                0x10005e10       0x14 CMakeFiles/DisplayC.dir/home/mdlos/.pico-sdk/sdk/2.1.0/lib/tinyusb/src/portable/raspberrypi/rp2040/dcd_rp2040.c.o
                0x10005e10                dcd_set_address
 .text.dcd_sof_enable
                0x10005e24       0x1c CMakeFiles/DisplayC.dir/home/mdlos/.pico-sdk/sdk/2.1.0/lib/tinyusb/src/portable/raspberrypi/rp2040/dcd_rp2040.c.o
                0x10005e24                dcd_sof_enable
 .text.dcd_edpt0_status_complete
                0x10005e40       0x1c CMakeFiles/DisplayC.dir/home/mdlos/.pico-sdk/sdk/2.1.0/lib/tinyusb/src/portable/raspberrypi/rp2040/dcd_rp2040.c.o
                0x10005e40                dcd_edpt0_status_complete
 .text.dcd_edpt_open
                0x10005e5c      0x108 CMakeFiles/DisplayC.dir/home/mdlos/.pico-sdk/sdk/2.1.0/lib/tinyusb/src/portable/raspberrypi/rp2040/dcd_rp2040.c.o
                0x10005e5c                dcd_edpt_open
 .text.dcd_edpt_close_all
                0x10005f64        0x8 CMakeFiles/DisplayC.dir/home/mdlos/.pico-sdk/sdk/2.1.0/lib/tinyusb/src/portable/raspberrypi/rp2040/dcd_rp2040.c.o
                0x10005f64                dcd_edpt_close_all
 .text.dcd_edpt_xfer
                0x10005f6c       0x24 CMakeFiles/DisplayC.dir/home/mdlos/.pico-sdk/sdk/2.1.0/lib/tinyusb/src/portable/raspberrypi/rp2040/dcd_rp2040.c.o
                0x10005f6c                dcd_edpt_xfer
 .text.dcd_edpt_stall
                0x10005f90       0x34 CMakeFiles/DisplayC.dir/home/mdlos/.pico-sdk/sdk/2.1.0/lib/tinyusb/src/portable/raspberrypi/rp2040/dcd_rp2040.c.o
                0x10005f90                dcd_edpt_stall
 .text.dcd_edpt_clear_stall
                0x10005fc4       0x30 CMakeFiles/DisplayC.dir/home/mdlos/.pico-sdk/sdk/2.1.0/lib/tinyusb/src/portable/raspberrypi/rp2040/dcd_rp2040.c.o
                0x10005fc4                dcd_edpt_clear_stall
 .text.rp2040_usb_init
                0x10005ff4       0x40 CMakeFiles/DisplayC.dir/home/mdlos/.pico-sdk/sdk/2.1.0/lib/tinyusb/src/portable/raspberrypi/rp2040/rp2040_usb.c.o
                0x10005ff4                rp2040_usb_init
 .text.hw_endpoint_xfer_start
                0x10006034       0x40 CMakeFiles/DisplayC.dir/home/mdlos/.pico-sdk/sdk/2.1.0/lib/tinyusb/src/portable/raspberrypi/rp2040/rp2040_usb.c.o
                0x10006034                hw_endpoint_xfer_start
 .text.tud_event_hook_cb
                0x10006074        0x4 CMakeFiles/DisplayC.dir/home/mdlos/.pico-sdk/sdk/2.1.0/lib/tinyusb/src/device/usbd.c.o
                0x10006074                tud_event_hook_cb
 .text.tud_sof_cb
                0x10006078        0x4 CMakeFiles/DisplayC.dir/home/mdlos/.pico-sdk/sdk/2.1.0/lib/tinyusb/src/device/usbd.c.o
                0x10006078                tud_sof_cb
 .text.tud_descriptor_device_qualifier_cb
                0x1000607c        0x4 CMakeFiles/DisplayC.dir/home/mdlos/.pico-sdk/sdk/2.1.0/lib/tinyusb/src/device/usbd.c.o
                0x1000607c                tud_descriptor_device_qualifier_cb
 .text.tud_descriptor_other_speed_configuration_cb
                0x10006080        0x4 CMakeFiles/DisplayC.dir/home/mdlos/.pico-sdk/sdk/2.1.0/lib/tinyusb/src/device/usbd.c.o
                0x10006080                tud_descriptor_other_speed_configuration_cb
 .text.tud_mount_cb
                0x10006084        0x4 CMakeFiles/DisplayC.dir/home/mdlos/.pico-sdk/sdk/2.1.0/lib/tinyusb/src/device/usbd.c.o
                0x10006084                tud_mount_cb
 .text.tud_umount_cb
                0x10006088        0x4 CMakeFiles/DisplayC.dir/home/mdlos/.pico-sdk/sdk/2.1.0/lib/tinyusb/src/device/usbd.c.o
                0x10006088                tud_umount_cb
 .text.tud_suspend_cb
                0x1000608c        0x4 CMakeFiles/DisplayC.dir/home/mdlos/.pico-sdk/sdk/2.1.0/lib/tinyusb/src/device/usbd.c.o
                0x1000608c                tud_suspend_cb
 .text.tud_resume_cb
                0x10006090        0x4 CMakeFiles/DisplayC.dir/home/mdlos/.pico-sdk/sdk/2.1.0/lib/tinyusb/src/device/usbd.c.o
                0x10006090                tud_resume_cb
 .text.tud_mounted
                0x10006094       0x10 CMakeFiles/DisplayC.dir/home/mdlos/.pico-sdk/sdk/2.1.0/lib/tinyusb/src/device/usbd.c.o
                0x10006094                tud_mounted
 .text.tud_suspended
                0x100060a4       0x10 CMakeFiles/DisplayC.dir/home/mdlos/.pico-sdk/sdk/2.1.0/lib/tinyusb/src/device/usbd.c.o
                0x100060a4                tud_suspended
 .text.tud_init
                0x100060b4       0xe4 CMakeFiles/DisplayC.dir/home/mdlos/.pico-sdk/sdk/2.1.0/lib/tinyusb/src/device/usbd.c.o
                0x100060b4                tud_init
 .text.tud_task_ext
                0x10006198      0x800 CMakeFiles/DisplayC.dir/home/mdlos/.pico-sdk/sdk/2.1.0/lib/tinyusb/src/device/usbd.c.o
                0x10006198                tud_task_ext
 .text.usbd_open_edpt_pair
                0x10006998       0x9c CMakeFiles/DisplayC.dir/home/mdlos/.pico-sdk/sdk/2.1.0/lib/tinyusb/src/device/usbd.c.o
                0x10006998                usbd_open_edpt_pair
 .text.usbd_edpt_open
                0x10006a34       0x34 CMakeFiles/DisplayC.dir/home/mdlos/.pico-sdk/sdk/2.1.0/lib/tinyusb/src/device/usbd.c.o
                0x10006a34                usbd_edpt_open
 .text.usbd_edpt_claim
                0x10006a68       0x28 CMakeFiles/DisplayC.dir/home/mdlos/.pico-sdk/sdk/2.1.0/lib/tinyusb/src/device/usbd.c.o
                0x10006a68                usbd_edpt_claim
 .text.usbd_edpt_release
                0x10006a90       0x28 CMakeFiles/DisplayC.dir/home/mdlos/.pico-sdk/sdk/2.1.0/lib/tinyusb/src/device/usbd.c.o
                0x10006a90                usbd_edpt_release
 .text.usbd_edpt_xfer
                0x10006ab8       0x4c CMakeFiles/DisplayC.dir/home/mdlos/.pico-sdk/sdk/2.1.0/lib/tinyusb/src/device/usbd.c.o
                0x10006ab8                usbd_edpt_xfer
 .text.tud_control_status
                0x10006b04       0x2c CMakeFiles/DisplayC.dir/home/mdlos/.pico-sdk/sdk/2.1.0/lib/tinyusb/src/device/usbd_control.c.o
                0x10006b04                tud_control_status
 .text.tud_control_xfer
                0x10006b30       0xac CMakeFiles/DisplayC.dir/home/mdlos/.pico-sdk/sdk/2.1.0/lib/tinyusb/src/device/usbd_control.c.o
                0x10006b30                tud_control_xfer
 .text.usbd_control_reset
                0x10006bdc       0x14 CMakeFiles/DisplayC.dir/home/mdlos/.pico-sdk/sdk/2.1.0/lib/tinyusb/src/device/usbd_control.c.o
                0x10006bdc                usbd_control_reset
 .text.usbd_control_set_complete_callback
                0x10006bf0        0xc CMakeFiles/DisplayC.dir/home/mdlos/.pico-sdk/sdk/2.1.0/lib/tinyusb/src/device/usbd_control.c.o
                0x10006bf0                usbd_control_set_complete_callback
 .text.usbd_control_set_request
                0x10006bfc       0x1c CMakeFiles/DisplayC.dir/home/mdlos/.pico-sdk/sdk/2.1.0/lib/tinyusb/src/device/usbd_control.c.o
                0x10006bfc                usbd_control_set_request
 .text.usbd_control_xfer_cb
                0x10006c18       0xec CMakeFiles/DisplayC.dir/home/mdlos/.pico-sdk/sdk/2.1.0/lib/tinyusb/src/device/usbd_control.c.o
                0x10006c18                usbd_control_xfer_cb
 .text._prep_out_transaction.isra.0
                0x10006d04       0x5c CMakeFiles/DisplayC.dir/home/mdlos/.pico-sdk/sdk/2.1.0/lib/tinyusb/src/class/cdc/cdc_device.c.o
 .text.tud_cdc_n_connected
                0x10006d60       0x30 CMakeFiles/DisplayC.dir/home/mdlos/.pico-sdk/sdk/2.1.0/lib/tinyusb/src/class/cdc/cdc_device.c.o
                0x10006d60                tud_cdc_n_connected
 .text.tud_cdc_n_available
                0x10006d90       0x18 CMakeFiles/DisplayC.dir/home/mdlos/.pico-sdk/sdk/2.1.0/lib/tinyusb/src/class/cdc/cdc_device.c.o
                0x10006d90                tud_cdc_n_available
 .text.tud_cdc_n_read
                0x10006da8       0x98 CMakeFiles/DisplayC.dir/home/mdlos/.pico-sdk/sdk/2.1.0/lib/tinyusb/src/class/cdc/cdc_device.c.o
                0x10006da8                tud_cdc_n_read
 .text.tud_cdc_n_write_flush
                0x10006e40       0x78 CMakeFiles/DisplayC.dir/home/mdlos/.pico-sdk/sdk/2.1.0/lib/tinyusb/src/class/cdc/cdc_device.c.o
                0x10006e40                tud_cdc_n_write_flush
 .text.tud_cdc_n_write
                0x10006eb8       0x40 CMakeFiles/DisplayC.dir/home/mdlos/.pico-sdk/sdk/2.1.0/lib/tinyusb/src/class/cdc/cdc_device.c.o
                0x10006eb8                tud_cdc_n_write
 .text.tud_cdc_n_write_available
                0x10006ef8       0x18 CMakeFiles/DisplayC.dir/home/mdlos/.pico-sdk/sdk/2.1.0/lib/tinyusb/src/class/cdc/cdc_device.c.o
                0x10006ef8                tud_cdc_n_write_available
 .text.cdcd_init
                0x10006f10       0x7c CMakeFiles/DisplayC.dir/home/mdlos/.pico-sdk/sdk/2.1.0/lib/tinyusb/src/class/cdc/cdc_device.c.o
                0x10006f10                cdcd_init
 .text.cdcd_deinit
                0x10006f8c       0x34 CMakeFiles/DisplayC.dir/home/mdlos/.pico-sdk/sdk/2.1.0/lib/tinyusb/src/class/cdc/cdc_device.c.o
                0x10006f8c                cdcd_deinit
 .text.cdcd_reset
                0x10006fc0       0x4c CMakeFiles/DisplayC.dir/home/mdlos/.pico-sdk/sdk/2.1.0/lib/tinyusb/src/class/cdc/cdc_device.c.o
                0x10006fc0                cdcd_reset
 .text.cdcd_open
                0x1000700c       0xb0 CMakeFiles/DisplayC.dir/home/mdlos/.pico-sdk/sdk/2.1.0/lib/tinyusb/src/class/cdc/cdc_device.c.o
                0x1000700c                cdcd_open
 .text.cdcd_control_xfer_cb
                0x100070bc       0xe4 CMakeFiles/DisplayC.dir/home/mdlos/.pico-sdk/sdk/2.1.0/lib/tinyusb/src/class/cdc/cdc_device.c.o
                0x100070bc                cdcd_control_xfer_cb
 .text.cdcd_xfer_cb
                0x100071a0      0x100 CMakeFiles/DisplayC.dir/home/mdlos/.pico-sdk/sdk/2.1.0/lib/tinyusb/src/class/cdc/cdc_device.c.o
                0x100071a0                cdcd_xfer_cb
 .text.vendord_init
                0x100072a0       0x5c CMakeFiles/DisplayC.dir/home/mdlos/.pico-sdk/sdk/2.1.0/lib/tinyusb/src/class/vendor/vendor_device.c.o
                0x100072a0                vendord_init
 .text.vendord_deinit
                0x100072fc       0x1c CMakeFiles/DisplayC.dir/home/mdlos/.pico-sdk/sdk/2.1.0/lib/tinyusb/src/class/vendor/vendor_device.c.o
                0x100072fc                vendord_deinit
 .text.vendord_reset
                0x10007318       0x20 CMakeFiles/DisplayC.dir/home/mdlos/.pico-sdk/sdk/2.1.0/lib/tinyusb/src/class/vendor/vendor_device.c.o
                0x10007318                vendord_reset
 .text.vendord_open
                0x10007338      0x138 CMakeFiles/DisplayC.dir/home/mdlos/.pico-sdk/sdk/2.1.0/lib/tinyusb/src/class/vendor/vendor_device.c.o
                0x10007338                vendord_open
 .text.vendord_xfer_cb
                0x10007470       0x9c CMakeFiles/DisplayC.dir/home/mdlos/.pico-sdk/sdk/2.1.0/lib/tinyusb/src/class/vendor/vendor_device.c.o
                0x10007470                vendord_xfer_cb
 .text.tusb_init
                0x1000750c        0xc CMakeFiles/DisplayC.dir/home/mdlos/.pico-sdk/sdk/2.1.0/lib/tinyusb/src/tusb.c.o
                0x1000750c                tusb_init
 .text.tu_edpt_claim
                0x10007518       0x50 CMakeFiles/DisplayC.dir/home/mdlos/.pico-sdk/sdk/2.1.0/lib/tinyusb/src/tusb.c.o
                0x10007518                tu_edpt_claim
 .text.tu_edpt_release
                0x10007568       0x38 CMakeFiles/DisplayC.dir/home/mdlos/.pico-sdk/sdk/2.1.0/lib/tinyusb/src/tusb.c.o
                0x10007568                tu_edpt_release
 .text.tu_edpt_validate
                0x100075a0       0x7c CMakeFiles/DisplayC.dir/home/mdlos/.pico-sdk/sdk/2.1.0/lib/tinyusb/src/tusb.c.o
                0x100075a0                tu_edpt_validate
 .text.tu_edpt_bind_driver
                0x1000761c       0x34 CMakeFiles/DisplayC.dir/home/mdlos/.pico-sdk/sdk/2.1.0/lib/tinyusb/src/tusb.c.o
                0x1000761c                tu_edpt_bind_driver
 .text.tu_edpt_stream_init
                0x10007650       0x6c CMakeFiles/DisplayC.dir/home/mdlos/.pico-sdk/sdk/2.1.0/lib/tinyusb/src/tusb.c.o
                0x10007650                tu_edpt_stream_init
 .text.tu_edpt_stream_deinit
                0x100076bc        0x4 CMakeFiles/DisplayC.dir/home/mdlos/.pico-sdk/sdk/2.1.0/lib/tinyusb/src/tusb.c.o
                0x100076bc                tu_edpt_stream_deinit
 .text.tu_edpt_stream_write_zlp_if_needed
                0x100076c0       0x68 CMakeFiles/DisplayC.dir/home/mdlos/.pico-sdk/sdk/2.1.0/lib/tinyusb/src/tusb.c.o
                0x100076c0                tu_edpt_stream_write_zlp_if_needed
 .text.tu_edpt_stream_write_xfer
                0x10007728       0x64 CMakeFiles/DisplayC.dir/home/mdlos/.pico-sdk/sdk/2.1.0/lib/tinyusb/src/tusb.c.o
                0x10007728                tu_edpt_stream_write_xfer
 .text.tu_edpt_stream_read_xfer
                0x1000778c       0xdc CMakeFiles/DisplayC.dir/home/mdlos/.pico-sdk/sdk/2.1.0/lib/tinyusb/src/tusb.c.o
                0x1000778c                tu_edpt_stream_read_xfer
 .text.tu_fifo_config
                0x10007868       0x6c CMakeFiles/DisplayC.dir/home/mdlos/.pico-sdk/sdk/2.1.0/lib/tinyusb/src/common/tusb_fifo.c.o
                0x10007868                tu_fifo_config
 .text.tu_fifo_count
                0x100078d4       0x2c CMakeFiles/DisplayC.dir/home/mdlos/.pico-sdk/sdk/2.1.0/lib/tinyusb/src/common/tusb_fifo.c.o
                0x100078d4                tu_fifo_count
 .text.tu_fifo_empty
                0x10007900       0x10 CMakeFiles/DisplayC.dir/home/mdlos/.pico-sdk/sdk/2.1.0/lib/tinyusb/src/common/tusb_fifo.c.o
                0x10007900                tu_fifo_empty
 .text.tu_fifo_remaining
                0x10007910       0x2c CMakeFiles/DisplayC.dir/home/mdlos/.pico-sdk/sdk/2.1.0/lib/tinyusb/src/common/tusb_fifo.c.o
                0x10007910                tu_fifo_remaining
 .text.tu_fifo_read
                0x1000793c       0x9c CMakeFiles/DisplayC.dir/home/mdlos/.pico-sdk/sdk/2.1.0/lib/tinyusb/src/common/tusb_fifo.c.o
                0x1000793c                tu_fifo_read
 .text.tu_fifo_read_n
                0x100079d8       0xe8 CMakeFiles/DisplayC.dir/home/mdlos/.pico-sdk/sdk/2.1.0/lib/tinyusb/src/common/tusb_fifo.c.o
                0x100079d8                tu_fifo_read_n
 .text.tu_fifo_write
                0x10007ac0       0xa8 CMakeFiles/DisplayC.dir/home/mdlos/.pico-sdk/sdk/2.1.0/lib/tinyusb/src/common/tusb_fifo.c.o
                0x10007ac0                tu_fifo_write
 .text.tu_fifo_write_n
                0x10007b68      0x178 CMakeFiles/DisplayC.dir/home/mdlos/.pico-sdk/sdk/2.1.0/lib/tinyusb/src/common/tusb_fifo.c.o
                0x10007b68                tu_fifo_write_n
 .text.tu_fifo_clear
                0x10007ce0       0x40 CMakeFiles/DisplayC.dir/home/mdlos/.pico-sdk/sdk/2.1.0/lib/tinyusb/src/common/tusb_fifo.c.o
                0x10007ce0                tu_fifo_clear
 .text.tu_fifo_set_overwritable
                0x10007d20       0x48 CMakeFiles/DisplayC.dir/home/mdlos/.pico-sdk/sdk/2.1.0/lib/tinyusb/src/common/tusb_fifo.c.o
                0x10007d20                tu_fifo_set_overwritable
 .text.pio_add_program
                0x10007d68      0x104 CMakeFiles/DisplayC.dir/home/mdlos/.pico-sdk/sdk/2.1.0/src/rp2_common/hardware_pio/pio.c.o
                0x10007d68                pio_add_program
 .text.pio_sm_set_consecutive_pindirs
                0x10007e6c       0xb4 CMakeFiles/DisplayC.dir/home/mdlos/.pico-sdk/sdk/2.1.0/src/rp2_common/hardware_pio/pio.c.o
                0x10007e6c                pio_sm_set_consecutive_pindirs
 .text.pio_sm_init
                0x10007f20       0x9c CMakeFiles/DisplayC.dir/home/mdlos/.pico-sdk/sdk/2.1.0/src/rp2_common/hardware_pio/pio.c.o
                0x10007f20                pio_sm_init
 .text.i2c_write_blocking_internal.constprop.0
                0x10007fbc       0xd0 CMakeFiles/DisplayC.dir/home/mdlos/.pico-sdk/sdk/2.1.0/src/rp2_common/hardware_i2c/i2c.c.o
 .text.i2c_set_baudrate
                0x1000808c       0xc0 CMakeFiles/DisplayC.dir/home/mdlos/.pico-sdk/sdk/2.1.0/src/rp2_common/hardware_i2c/i2c.c.o
                0x1000808c                i2c_set_baudrate
 .text.i2c_init
                0x1000814c       0x50 CMakeFiles/DisplayC.dir/home/mdlos/.pico-sdk/sdk/2.1.0/src/rp2_common/hardware_i2c/i2c.c.o
                0x1000814c                i2c_init
 .text.i2c_write_blocking
                0x1000819c       0x14 CMakeFiles/DisplayC.dir/home/mdlos/.pico-sdk/sdk/2.1.0/src/rp2_common/hardware_i2c/i2c.c.o
                0x1000819c                i2c_write_blocking
 .text.strlen   0x100081b0       0x5c /home/mdlos/.pico-sdk/toolchain/13_3_Rel1/bin/../lib/gcc/arm-none-eabi/13.3.1/../../../../arm-none-eabi/lib/thumb/v6-m/nofp/libg.a(libc_a-strlen-stub.o)
                0x100081b0                strlen
 .text._malloc_r
                0x1000820c      0x5c4 /home/mdlos/.pico-sdk/toolchain/13_3_Rel1/bin/../lib/gcc/arm-none-eabi/13.3.1/../../../../arm-none-eabi/lib/thumb/v6-m/nofp/libg.a(libc_a-mallocr.o)
                0x1000820c                _malloc_r
 .text._sbrk_r  0x100087d0       0x24 /home/mdlos/.pico-sdk/toolchain/13_3_Rel1/bin/../lib/gcc/arm-none-eabi/13.3.1/../../../../arm-none-eabi/lib/thumb/v6-m/nofp/libg.a(libc_a-sbrkr.o)
                0x100087d0                _sbrk_r
 .text.__malloc_lock
                0x100087f4       0x10 /home/mdlos/.pico-sdk/toolchain/13_3_Rel1/bin/../lib/gcc/arm-none-eabi/13.3.1/../../../../arm-none-eabi/lib/thumb/v6-m/nofp/libg.a(libc_a-mlock.o)
                0x100087f4                __malloc_lock
 .text.__malloc_unlock
                0x10008804       0x10 /home/mdlos/.pico-sdk/toolchain/13_3_Rel1/bin/../lib/gcc/arm-none-eabi/13.3.1/../../../../arm-none-eabi/lib/thumb/v6-m/nofp/libg.a(libc_a-mlock.o)
                0x10008804                __malloc_unlock
 .text.calloc   0x10008814       0x18 /home/mdlos/.pico-sdk/toolchain/13_3_Rel1/bin/../lib/gcc/arm-none-eabi/13.3.1/../../../../arm-none-eabi/lib/thumb/v6-m/nofp/libg.a(libc_a-calloc.o)
                0x10008814                calloc
 .text._calloc_r
                0x1000882c       0xa8 /home/mdlos/.pico-sdk/toolchain/13_3_Rel1/bin/../lib/gcc/arm-none-eabi/13.3.1/../../../../arm-none-eabi/lib/thumb/v6-m/nofp/libg.a(libc_a-callocr.o)
                0x1000882c                _calloc_r
 .text.__retarget_lock_acquire_recursive
                0x100088d4        0x4 /home/mdlos/.pico-sdk/toolchain/13_3_Rel1/bin/../lib/gcc/arm-none-eabi/13.3.1/../../../../arm-none-eabi/lib/thumb/v6-m/nofp/libg.a(libc_a-lock.o)
                0x100088d4                __retarget_lock_acquire_recursive
 .text.__retarget_lock_release_recursive
                0x100088d8        0x4 /home/mdlos/.pico-sdk/toolchain/13_3_Rel1/bin/../lib/gcc/arm-none-eabi/13.3.1/../../../../arm-none-eabi/lib/thumb/v6-m/nofp/libg.a(libc_a-lock.o)
                0x100088d8                __retarget_lock_release_recursive
 .text.sysconf  0x100088dc       0x1c /home/mdlos/.pico-sdk/toolchain/13_3_Rel1/bin/../lib/gcc/arm-none-eabi/13.3.1/../../../../arm-none-eabi/lib/thumb/v6-m/nofp/libg.a(libc_a-sysconf.o)
                0x100088dc                sysconf
 .text._malloc_trim_r
                0x100088f8       0xb4 /home/mdlos/.pico-sdk/toolchain/13_3_Rel1/bin/../lib/gcc/arm-none-eabi/13.3.1/../../../../arm-none-eabi/lib/thumb/v6-m/nofp/libg.a(libc_a-freer.o)
                0x100088f8                _malloc_trim_r
 .text._free_r  0x100089ac      0x1d4 /home/mdlos/.pico-sdk/toolchain/13_3_Rel1/bin/../lib/gcc/arm-none-eabi/13.3.1/../../../../arm-none-eabi/lib/thumb/v6-m/nofp/libg.a(libc_a-freer.o)
                0x100089ac                _free_r
 .text.__errno  0x10008b80        0xc /home/mdlos/.pico-sdk/toolchain/13_3_Rel1/bin/../lib/gcc/arm-none-eabi/13.3.1/../../../../arm-none-eabi/lib/thumb/v6-m/nofp/libg.a(libc_a-errno.o)
                0x10008b80                __errno
 *(.fini)
 .fini          0x10008b8c        0x4 /home/mdlos/.pico-sdk/toolchain/13_3_Rel1/bin/../lib/gcc/arm-none-eabi/13.3.1/thumb/v6-m/nofp/crti.o
                0x10008b8c                _fini
 .fini.__stub   0x10008b90       0xd0 linker stubs
 *crtbegin.o(.ctors)
 *crtbegin?.o(.ctors)
 *(EXCLUDE_FILE(*crtend.o *crtend?.o) .ctors)
 *(SORT_BY_NAME(.ctors.*))
 *(.ctors)
 *crtbegin.o(.dtors)
 *crtbegin?.o(.dtors)
 *(EXCLUDE_FILE(*crtend.o *crtend?.o) .dtors)
 *(SORT_BY_NAME(.dtors.*))
 *(.dtors)
                0x10008c60                        . = ALIGN (0x4)
                0x10008c60                        PROVIDE (__preinit_array_start = .)
 *(SORT_BY_NAME(.preinit_array.*))
 .preinit_array.00100
                0x10008c60        0x4 CMakeFiles/DisplayC.dir/home/mdlos/.pico-sdk/sdk/2.1.0/src/rp2_common/pico_runtime_init/runtime_init.c.o
                0x10008c60                __pre_init_runtime_init_early_resets
 .preinit_array.00101
                0x10008c64        0x4 CMakeFiles/DisplayC.dir/home/mdlos/.pico-sdk/sdk/2.1.0/src/rp2_common/pico_runtime_init/runtime_init.c.o
                0x10008c64                __pre_init_runtime_init_usb_power_down
 .preinit_array.00275
                0x10008c68        0x4 CMakeFiles/DisplayC.dir/home/mdlos/.pico-sdk/sdk/2.1.0/src/rp2_common/pico_bit_ops/bit_ops_aeabi.S.o
 .preinit_array.00300
                0x10008c6c        0x4 CMakeFiles/DisplayC.dir/home/mdlos/.pico-sdk/sdk/2.1.0/src/rp2_common/pico_mem_ops/mem_ops_aeabi.S.o
 .preinit_array.00350
                0x10008c70        0x4 CMakeFiles/DisplayC.dir/home/mdlos/.pico-sdk/sdk/2.1.0/src/rp2_common/pico_double/double_aeabi_rp2040.S.o
 .preinit_array.00350
                0x10008c74        0x4 CMakeFiles/DisplayC.dir/home/mdlos/.pico-sdk/sdk/2.1.0/src/rp2_common/pico_float/float_aeabi_rp2040.S.o
 .preinit_array.00500
                0x10008c78        0x4 CMakeFiles/DisplayC.dir/home/mdlos/.pico-sdk/sdk/2.1.0/src/rp2_common/pico_runtime_init/runtime_init.c.o
                0x10008c78                __pre_init_runtime_init_clocks
 .preinit_array.00600
                0x10008c7c        0x4 CMakeFiles/DisplayC.dir/home/mdlos/.pico-sdk/sdk/2.1.0/src/rp2_common/pico_runtime_init/runtime_init.c.o
                0x10008c7c                __pre_init_runtime_init_post_clock_resets
 .preinit_array.00700
                0x10008c80        0x4 CMakeFiles/DisplayC.dir/home/mdlos/.pico-sdk/sdk/2.1.0/src/rp2_common/pico_runtime_init/runtime_init.c.o
                0x10008c80                __pre_init_runtime_init_rp2040_gpio_ie_disable
 .preinit_array.01000
                0x10008c84        0x4 CMakeFiles/DisplayC.dir/home/mdlos/.pico-sdk/sdk/2.1.0/src/rp2_common/pico_runtime_init/runtime_init.c.o
                0x10008c84                __pre_init_runtime_init_spin_locks_reset
 .preinit_array.01100
                0x10008c88        0x4 CMakeFiles/DisplayC.dir/home/mdlos/.pico-sdk/sdk/2.1.0/src/common/pico_sync/mutex.c.o
                0x10008c88                __pre_init_runtime_init_mutex
 .preinit_array.10080
                0x10008c8c        0x4 CMakeFiles/DisplayC.dir/home/mdlos/.pico-sdk/sdk/2.1.0/src/rp2_common/pico_runtime_init/runtime_init.c.o
                0x10008c8c                __pre_init_runtime_init_install_ram_vector_table
 .preinit_array.11000
                0x10008c90        0x4 CMakeFiles/DisplayC.dir/home/mdlos/.pico-sdk/sdk/2.1.0/src/common/pico_time/time.c.o
                0x10008c90                __pre_init_runtime_init_default_alarm_pool
 .preinit_array.YYYYY
                0x10008c94        0x4 CMakeFiles/DisplayC.dir/home/mdlos/.pico-sdk/sdk/2.1.0/src/rp2_common/pico_runtime/runtime.c.o
                0x10008c94                __pre_init_first_per_core_initializer
 .preinit_array.ZZZZZ.01200
                0x10008c98        0x4 CMakeFiles/DisplayC.dir/home/mdlos/.pico-sdk/sdk/2.1.0/src/rp2_common/hardware_irq/irq.c.o
                0x10008c98                __pre_init_runtime_init_per_core_irq_priorities
 *(.preinit_array)
                0x10008c9c                        PROVIDE (__preinit_array_end = .)
                0x10008c9c                        . = ALIGN (0x4)
                0x10008c9c                        PROVIDE (__init_array_start = .)
 *(SORT_BY_NAME(.init_array.*))
 *(.init_array)
 .init_array    0x10008c9c        0x4 /home/mdlos/.pico-sdk/toolchain/13_3_Rel1/bin/../lib/gcc/arm-none-eabi/13.3.1/thumb/v6-m/nofp/crtbegin.o
 .init_array    0x10008ca0        0x4 CMakeFiles/DisplayC.dir/home/mdlos/.pico-sdk/sdk/2.1.0/src/rp2_common/pico_unique_id/unique_id.c.o
                0x10008ca4                        PROVIDE (__init_array_end = .)
                0x10008ca4                        . = ALIGN (0x4)
                [!provide]                        PROVIDE (__fini_array_start = .)
 *(SORT_BY_NAME(.fini_array.*))
 *(.fini_array)
                [!provide]                        PROVIDE (__fini_array_end = .)
 *(.eh_frame*)
 .eh_frame      0x10008ca4        0x0 /home/mdlos/.pico-sdk/toolchain/13_3_Rel1/bin/../lib/gcc/arm-none-eabi/13.3.1/thumb/v6-m/nofp/crtbegin.o
                0x10008ca4                        . = ALIGN (0x4)

.glue_7         0x10008ca4        0x0
 .glue_7        0x10008ca4        0x0 linker stubs

.glue_7t        0x10008ca4        0x0
 .glue_7t       0x10008ca4        0x0 linker stubs

.vfp11_veneer   0x10008ca4        0x0
 .vfp11_veneer  0x10008ca4        0x0 linker stubs

.v4_bx          0x10008ca4        0x0
 .v4_bx         0x10008ca4        0x0 linker stubs

.iplt           0x10008ca4        0x0
 .iplt          0x10008ca4        0x0 /home/mdlos/.pico-sdk/toolchain/13_3_Rel1/bin/../lib/gcc/arm-none-eabi/13.3.1/thumb/v6-m/nofp/crtbegin.o

.rodata         0x10008ca8      0x8dc
 *(EXCLUDE_FILE(*libm.a: *libc.a:*lib_a-mem*.o *libgcc.a:) .rodata*)
 .rodata.gpio_callback.str1.4
                0x10008ca8      0x224 CMakeFiles/DisplayC.dir/DisplayC.c.o
                                 0x72 (size before relaxing)
 .rodata.main.str1.4
                0x10008ecc       0x26 CMakeFiles/DisplayC.dir/DisplayC.c.o
 .rodata.ws2812_program
                0x10008ecc        0x8 CMakeFiles/DisplayC.dir/DisplayC.c.o
 .rodata.ws2812_program_instructions
                0x10008ed4        0x8 CMakeFiles/DisplayC.dir/DisplayC.c.o
 .rodata.font   0x10008edc      0x1f8 CMakeFiles/DisplayC.dir/inc/ssd1306.c.o
 .rodata.panic.str1.4
                0x100090d4       0x12 CMakeFiles/DisplayC.dir/home/mdlos/.pico-sdk/sdk/2.1.0/src/rp2_common/pico_platform_panic/panic.c.o
 .rodata.spin_lock_claim_unused.str1.4
                0x100090d4       0x1b CMakeFiles/DisplayC.dir/home/mdlos/.pico-sdk/sdk/2.1.0/src/rp2_common/hardware_sync/sync.c.o
 .rodata.user_irq_claim_unused.str1.4
                0x100090d4       0x1b CMakeFiles/DisplayC.dir/home/mdlos/.pico-sdk/sdk/2.1.0/src/rp2_common/hardware_irq/irq.c.o
 .rodata.timer_hardware_alarm_claim.str1.4
                0x100090d4       0x22 CMakeFiles/DisplayC.dir/home/mdlos/.pico-sdk/sdk/2.1.0/src/rp2_common/hardware_timer/timer.c.o
 .rodata.hard_assertion_failure.str1.4
                0x100090d4        0xc CMakeFiles/DisplayC.dir/home/mdlos/.pico-sdk/sdk/2.1.0/src/rp2_common/pico_runtime/runtime.c.o
 .rodata.__wrap_malloc.str1.4
                0x100090d4        0xe CMakeFiles/DisplayC.dir/home/mdlos/.pico-sdk/sdk/2.1.0/src/rp2_common/pico_malloc/malloc.c.o
 .rodata.str1.4
                0x100090d4       0x44 CMakeFiles/DisplayC.dir/home/mdlos/.pico-sdk/sdk/2.1.0/src/rp2_common/pico_standard_binary_info/standard_binary_info.c.o
 .rodata.__bi_84
                0x100090d4        0xc CMakeFiles/DisplayC.dir/home/mdlos/.pico-sdk/sdk/2.1.0/src/rp2_common/pico_standard_binary_info/standard_binary_info.c.o
 .rodata.__bi_78
                0x100090e0        0xc CMakeFiles/DisplayC.dir/home/mdlos/.pico-sdk/sdk/2.1.0/src/rp2_common/pico_standard_binary_info/standard_binary_info.c.o
 .rodata.__bi_60
                0x100090ec        0xc CMakeFiles/DisplayC.dir/home/mdlos/.pico-sdk/sdk/2.1.0/src/rp2_common/pico_standard_binary_info/standard_binary_info.c.o
 .rodata.__bi_54
                0x100090f8        0xc CMakeFiles/DisplayC.dir/home/mdlos/.pico-sdk/sdk/2.1.0/src/rp2_common/pico_standard_binary_info/standard_binary_info.c.o
 .rodata.__bi_48
                0x10009104        0xc CMakeFiles/DisplayC.dir/home/mdlos/.pico-sdk/sdk/2.1.0/src/rp2_common/pico_standard_binary_info/standard_binary_info.c.o
 .rodata.__bi_42
                0x10009110        0xc CMakeFiles/DisplayC.dir/home/mdlos/.pico-sdk/sdk/2.1.0/src/rp2_common/pico_standard_binary_info/standard_binary_info.c.o
 .rodata.__bi_34
                0x1000911c        0xc CMakeFiles/DisplayC.dir/home/mdlos/.pico-sdk/sdk/2.1.0/src/rp2_common/pico_standard_binary_info/standard_binary_info.c.o
 .rodata.__bi_26
                0x10009128        0xc CMakeFiles/DisplayC.dir/home/mdlos/.pico-sdk/sdk/2.1.0/src/rp2_common/pico_standard_binary_info/standard_binary_info.c.o
 .rodata._ftoa.str1.4
                0x10009134       0x15 CMakeFiles/DisplayC.dir/home/mdlos/.pico-sdk/sdk/2.1.0/src/rp2_common/pico_printf/printf.c.o
 .rodata._vsnprintf
                0x10009134      0x19c CMakeFiles/DisplayC.dir/home/mdlos/.pico-sdk/sdk/2.1.0/src/rp2_common/pico_printf/printf.c.o
 .rodata.pow10.0
                0x100092d0       0x50 CMakeFiles/DisplayC.dir/home/mdlos/.pico-sdk/sdk/2.1.0/src/rp2_common/pico_printf/printf.c.o
 .rodata.crlf_str.0
                0x10009320        0x2 CMakeFiles/DisplayC.dir/home/mdlos/.pico-sdk/sdk/2.1.0/src/rp2_common/pico_stdio/stdio.c.o
 *fill*         0x10009322        0x2 
 .rodata._resetd_driver
                0x10009324       0x20 CMakeFiles/DisplayC.dir/home/mdlos/.pico-sdk/sdk/2.1.0/src/rp2_common/pico_stdio_usb/reset_interface.c.o
 .rodata.desc_ms_os_20
                0x10009344       0xa6 CMakeFiles/DisplayC.dir/home/mdlos/.pico-sdk/sdk/2.1.0/src/rp2_common/pico_stdio_usb/reset_interface.c.o
 *fill*         0x100093ea        0x2 
 .rodata.desc_bos
                0x100093ec       0x21 CMakeFiles/DisplayC.dir/home/mdlos/.pico-sdk/sdk/2.1.0/src/rp2_common/pico_stdio_usb/reset_interface.c.o
                0x100093ec                desc_bos
 .rodata.str1.4
                0x1000940d       0x13 CMakeFiles/DisplayC.dir/home/mdlos/.pico-sdk/sdk/2.1.0/src/rp2_common/pico_stdio_usb/stdio_usb.c.o
 *fill*         0x1000940d        0x3 
 .rodata.__bi_197.0
                0x10009410        0xc CMakeFiles/DisplayC.dir/home/mdlos/.pico-sdk/sdk/2.1.0/src/rp2_common/pico_stdio_usb/stdio_usb.c.o
 .rodata.str1.4
                0x1000941c       0x2a CMakeFiles/DisplayC.dir/home/mdlos/.pico-sdk/sdk/2.1.0/src/rp2_common/pico_stdio_usb/stdio_usb_descriptors.c.o
 .rodata.usbd_desc_str
                0x1000941c       0x18 CMakeFiles/DisplayC.dir/home/mdlos/.pico-sdk/sdk/2.1.0/src/rp2_common/pico_stdio_usb/stdio_usb_descriptors.c.o
 .rodata.usbd_desc_cfg
                0x10009434       0x54 CMakeFiles/DisplayC.dir/home/mdlos/.pico-sdk/sdk/2.1.0/src/rp2_common/pico_stdio_usb/stdio_usb_descriptors.c.o
 .rodata.usbd_desc_device
                0x10009488       0x12 CMakeFiles/DisplayC.dir/home/mdlos/.pico-sdk/sdk/2.1.0/src/rp2_common/pico_stdio_usb/stdio_usb_descriptors.c.o
 .rodata.str1.4
                0x1000949a       0x14 CMakeFiles/DisplayC.dir/home/mdlos/.pico-sdk/sdk/2.1.0/lib/tinyusb/src/portable/raspberrypi/rp2040/dcd_rp2040.c.o
 .rodata.str1.4
                0x1000949a       0x48 CMakeFiles/DisplayC.dir/home/mdlos/.pico-sdk/sdk/2.1.0/lib/tinyusb/src/portable/raspberrypi/rp2040/rp2040_usb.c.o
 *fill*         0x1000949a        0x2 
 .rodata.tud_task_ext
                0x1000949c       0x8c CMakeFiles/DisplayC.dir/home/mdlos/.pico-sdk/sdk/2.1.0/lib/tinyusb/src/device/usbd.c.o
 .rodata        0x10009528       0x1c CMakeFiles/DisplayC.dir/home/mdlos/.pico-sdk/sdk/2.1.0/lib/tinyusb/src/device/usbd.c.o
 .rodata._usbd_driver
                0x10009544       0x40 CMakeFiles/DisplayC.dir/home/mdlos/.pico-sdk/sdk/2.1.0/lib/tinyusb/src/device/usbd.c.o
                0x10009584                        . = ALIGN (0x4)
 *(SORT_BY_ALIGNMENT(SORT_BY_NAME(.flashdata*)))
                0x10009584                        . = ALIGN (0x4)

.ARM.extab
 *(.ARM.extab* .gnu.linkonce.armextab.*)
                0x10009584                        __exidx_start = .

.ARM.exidx
 *(.ARM.exidx* .gnu.linkonce.armexidx.*)
                0x10009584                        __exidx_end = .
                0x10009584                        . = ALIGN (0x4)
                0x10009584                        __binary_info_start = .

.binary_info    0x10009584       0x24
 *(.binary_info.keep.*)
 .binary_info.keep.__bi_ptr84
                0x10009584        0x4 CMakeFiles/DisplayC.dir/home/mdlos/.pico-sdk/sdk/2.1.0/src/rp2_common/pico_standard_binary_info/standard_binary_info.c.o
 .binary_info.keep.__bi_ptr78
                0x10009588        0x4 CMakeFiles/DisplayC.dir/home/mdlos/.pico-sdk/sdk/2.1.0/src/rp2_common/pico_standard_binary_info/standard_binary_info.c.o
 .binary_info.keep.__bi_ptr60
                0x1000958c        0x4 CMakeFiles/DisplayC.dir/home/mdlos/.pico-sdk/sdk/2.1.0/src/rp2_common/pico_standard_binary_info/standard_binary_info.c.o
 .binary_info.keep.__bi_ptr54
                0x10009590        0x4 CMakeFiles/DisplayC.dir/home/mdlos/.pico-sdk/sdk/2.1.0/src/rp2_common/pico_standard_binary_info/standard_binary_info.c.o
 .binary_info.keep.__bi_ptr48
                0x10009594        0x4 CMakeFiles/DisplayC.dir/home/mdlos/.pico-sdk/sdk/2.1.0/src/rp2_common/pico_standard_binary_info/standard_binary_info.c.o
 .binary_info.keep.__bi_ptr42
                0x10009598        0x4 CMakeFiles/DisplayC.dir/home/mdlos/.pico-sdk/sdk/2.1.0/src/rp2_common/pico_standard_binary_info/standard_binary_info.c.o
 .binary_info.keep.__bi_ptr34
                0x1000959c        0x4 CMakeFiles/DisplayC.dir/home/mdlos/.pico-sdk/sdk/2.1.0/src/rp2_common/pico_standard_binary_info/standard_binary_info.c.o
 .binary_info.keep.__bi_ptr26
                0x100095a0        0x4 CMakeFiles/DisplayC.dir/home/mdlos/.pico-sdk/sdk/2.1.0/src/rp2_common/pico_standard_binary_info/standard_binary_info.c.o
 *(.binary_info.*)
 .binary_info.__bi_ptr197
                0x100095a4        0x4 CMakeFiles/DisplayC.dir/home/mdlos/.pico-sdk/sdk/2.1.0/src/rp2_common/pico_stdio_usb/stdio_usb.c.o
                0x100095a8                        __binary_info_end = .

.rel.dyn        0x100095a8        0x0
 .rel.iplt      0x100095a8        0x0 /home/mdlos/.pico-sdk/toolchain/13_3_Rel1/bin/../lib/gcc/arm-none-eabi/13.3.1/thumb/v6-m/nofp/crtbegin.o
                0x100095a8                        . = ALIGN (0x4)

.ram_vector_table
                0x20000000       0xc0
 *(.ram_vector_table)
 .ram_vector_table
                0x20000000       0xc0 CMakeFiles/DisplayC.dir/home/mdlos/.pico-sdk/sdk/2.1.0/src/rp2_common/pico_runtime_init/runtime_init.c.o
                0x20000000                ram_vector_table

.uninitialized_data
                0x200000c0        0x0
                0x200000c0                        . = ALIGN (0x4)
 *(.uninitialized_data*)

.data           0x200000c0     0x1650 load address 0x100095a8
                0x200000c0                        __data_start__ = .
 *(vtable)
 *(.time_critical*)
 .time_critical.mutex_enter_blocking
                0x200000c0       0x48 CMakeFiles/DisplayC.dir/home/mdlos/.pico-sdk/sdk/2.1.0/src/common/pico_sync/mutex.c.o
                0x200000c0                mutex_enter_blocking
 .time_critical.mutex_try_enter
                0x20000108       0x40 CMakeFiles/DisplayC.dir/home/mdlos/.pico-sdk/sdk/2.1.0/src/common/pico_sync/mutex.c.o
                0x20000108                mutex_try_enter
 .time_critical.mutex_try_enter_block_until
                0x20000148       0x9c CMakeFiles/DisplayC.dir/home/mdlos/.pico-sdk/sdk/2.1.0/src/common/pico_sync/mutex.c.o
                0x20000148                mutex_try_enter_block_until
 .time_critical.mutex_enter_timeout_ms
                0x200001e4       0x90 CMakeFiles/DisplayC.dir/home/mdlos/.pico-sdk/sdk/2.1.0/src/common/pico_sync/mutex.c.o
                0x200001e4                mutex_enter_timeout_ms
 .time_critical.mutex_exit
                0x20000274       0x28 CMakeFiles/DisplayC.dir/home/mdlos/.pico-sdk/sdk/2.1.0/src/common/pico_sync/mutex.c.o
                0x20000274                mutex_exit
 .time_critical.flash_init_boot2_copyout
                0x2000029c       0x30 CMakeFiles/DisplayC.dir/home/mdlos/.pico-sdk/sdk/2.1.0/src/rp2_common/hardware_flash/flash.c.o
 .time_critical.flash_enable_xip_via_boot2
                0x200002cc        0xc CMakeFiles/DisplayC.dir/home/mdlos/.pico-sdk/sdk/2.1.0/src/rp2_common/hardware_flash/flash.c.o
 .time_critical.flash_cs_force
                0x200002d8       0x38 CMakeFiles/DisplayC.dir/home/mdlos/.pico-sdk/sdk/2.1.0/src/rp2_common/hardware_flash/flash.c.o
 .time_critical.flash_do_cmd
                0x20000310       0xc0 CMakeFiles/DisplayC.dir/home/mdlos/.pico-sdk/sdk/2.1.0/src/rp2_common/hardware_flash/flash.c.o
                0x20000310                flash_do_cmd
 .time_critical.reset_non_control_endpoints
                0x200003d0       0x68 CMakeFiles/DisplayC.dir/home/mdlos/.pico-sdk/sdk/2.1.0/lib/tinyusb/src/portable/raspberrypi/rp2040/dcd_rp2040.c.o
 .time_critical.hw_handle_buff_status
                0x20000438       0xb0 CMakeFiles/DisplayC.dir/home/mdlos/.pico-sdk/sdk/2.1.0/lib/tinyusb/src/portable/raspberrypi/rp2040/dcd_rp2040.c.o
 .time_critical.dcd_rp2040_irq
                0x200004e8      0x578 CMakeFiles/DisplayC.dir/home/mdlos/.pico-sdk/sdk/2.1.0/lib/tinyusb/src/portable/raspberrypi/rp2040/dcd_rp2040.c.o
 .time_critical.prepare_ep_buffer
                0x20000a60       0xe0 CMakeFiles/DisplayC.dir/home/mdlos/.pico-sdk/sdk/2.1.0/lib/tinyusb/src/portable/raspberrypi/rp2040/rp2040_usb.c.o
 .time_critical.sync_ep_buffer
                0x20000b40       0xa8 CMakeFiles/DisplayC.dir/home/mdlos/.pico-sdk/sdk/2.1.0/lib/tinyusb/src/portable/raspberrypi/rp2040/rp2040_usb.c.o
 .time_critical._hw_endpoint_xfer_sync
                0x20000be8       0x28 CMakeFiles/DisplayC.dir/home/mdlos/.pico-sdk/sdk/2.1.0/lib/tinyusb/src/portable/raspberrypi/rp2040/rp2040_usb.c.o
 .time_critical.e15_is_bulkin_ep
                0x20000c10       0x28 CMakeFiles/DisplayC.dir/home/mdlos/.pico-sdk/sdk/2.1.0/lib/tinyusb/src/portable/raspberrypi/rp2040/rp2040_usb.c.o
 .time_critical.e15_is_critical_frame_period
                0x20000c38       0x34 CMakeFiles/DisplayC.dir/home/mdlos/.pico-sdk/sdk/2.1.0/lib/tinyusb/src/portable/raspberrypi/rp2040/rp2040_usb.c.o
 .time_critical.hw_endpoint_reset_transfer
                0x20000c6c        0xc CMakeFiles/DisplayC.dir/home/mdlos/.pico-sdk/sdk/2.1.0/lib/tinyusb/src/portable/raspberrypi/rp2040/rp2040_usb.c.o
                0x20000c6c                hw_endpoint_reset_transfer
 .time_critical._hw_endpoint_buffer_control_update32
                0x20000c78       0x50 CMakeFiles/DisplayC.dir/home/mdlos/.pico-sdk/sdk/2.1.0/lib/tinyusb/src/portable/raspberrypi/rp2040/rp2040_usb.c.o
                0x20000c78                _hw_endpoint_buffer_control_update32
 .time_critical.hw_endpoint_start_next_buffer
                0x20000cc8       0x6c CMakeFiles/DisplayC.dir/home/mdlos/.pico-sdk/sdk/2.1.0/lib/tinyusb/src/portable/raspberrypi/rp2040/rp2040_usb.c.o
                0x20000cc8                hw_endpoint_start_next_buffer
 .time_critical.hw_endpoint_xfer_continue
                0x20000d34       0x40 CMakeFiles/DisplayC.dir/home/mdlos/.pico-sdk/sdk/2.1.0/lib/tinyusb/src/portable/raspberrypi/rp2040/rp2040_usb.c.o
                0x20000d34                hw_endpoint_xfer_continue
 .time_critical.tinyusb
                0x20000d74      0x1e4 CMakeFiles/DisplayC.dir/home/mdlos/.pico-sdk/sdk/2.1.0/lib/tinyusb/src/device/usbd.c.o
                0x20000d74                dcd_event_handler
 *(.text*)
 .text          0x20000f58        0x4 /home/mdlos/.pico-sdk/toolchain/13_3_Rel1/bin/../lib/gcc/arm-none-eabi/13.3.1/thumb/v6-m/nofp/libgcc.a(_dvmd_tls.o)
                0x20000f58                __aeabi_ldiv0
                0x20000f58                __aeabi_idiv0
 *fill*         0x20000f5c        0x4 
 .text.__stub   0x20000f60       0x80 linker stubs
                0x20000fe0                        . = ALIGN (0x4)
 *(.rodata*)
                0x20000fe0                        . = ALIGN (0x4)
 *(.data*)
 .data.digitos  0x20000fe0       0xfa CMakeFiles/DisplayC.dir/DisplayC.c.o
                0x20000fe0                digitos
 .data.striped_spin_lock_num
                0x200010da        0x1 CMakeFiles/DisplayC.dir/home/mdlos/.pico-sdk/sdk/2.1.0/src/rp2_common/hardware_sync/sync.c.o
 *fill*         0x200010db        0x1 
 .data          0x200010dc       0x48 CMakeFiles/DisplayC.dir/home/mdlos/.pico-sdk/sdk/2.1.0/src/rp2_common/hardware_irq/irq_handler_chain.S.o
                0x200010dc                irq_handler_chain_slots
                0x2000110c                irq_handler_chain_first_slot
                0x20001116                irq_handler_chain_remove_tail
 .data.default_alarm_pool
                0x20001124       0x18 CMakeFiles/DisplayC.dir/home/mdlos/.pico-sdk/sdk/2.1.0/src/common/pico_time/time.c.o
 *fill*         0x2000113c        0x4 
 .data.aeabi_bits_funcs
                0x20001140       0x10 CMakeFiles/DisplayC.dir/home/mdlos/.pico-sdk/sdk/2.1.0/src/rp2_common/pico_bit_ops/bit_ops_aeabi.S.o
                0x20001140                aeabi_bits_funcs
                0x20001150                aeabi_bits_funcs_end
 .data.aeabi_mem_funcs
                0x20001150       0x10 CMakeFiles/DisplayC.dir/home/mdlos/.pico-sdk/sdk/2.1.0/src/rp2_common/pico_mem_ops/mem_ops_aeabi.S.o
                0x20001150                aeabi_mem_funcs
                0x20001160                aeabi_mem_funcs_end
 .data.stdio_usb
                0x20001160       0x18 CMakeFiles/DisplayC.dir/home/mdlos/.pico-sdk/sdk/2.1.0/src/rp2_common/pico_stdio_usb/stdio_usb.c.o
                0x20001160                stdio_usb
 .data._usbd_qdef
                0x20001178       0x1c CMakeFiles/DisplayC.dir/home/mdlos/.pico-sdk/sdk/2.1.0/lib/tinyusb/src/device/usbd.c.o
                0x20001178                _usbd_qdef
 .data._usbd_rhport
                0x20001194        0x1 CMakeFiles/DisplayC.dir/home/mdlos/.pico-sdk/sdk/2.1.0/lib/tinyusb/src/device/usbd.c.o
 *fill*         0x20001195        0x3 
 .data.i2c1_inst
                0x20001198        0x8 CMakeFiles/DisplayC.dir/home/mdlos/.pico-sdk/sdk/2.1.0/src/rp2_common/hardware_i2c/i2c.c.o
                0x20001198                i2c1_inst
 .data.i2c0_inst
                0x200011a0        0x8 CMakeFiles/DisplayC.dir/home/mdlos/.pico-sdk/sdk/2.1.0/src/rp2_common/hardware_i2c/i2c.c.o
                0x200011a0                i2c0_inst
 .data.__malloc_sbrk_base
                0x200011a8        0x4 /home/mdlos/.pico-sdk/toolchain/13_3_Rel1/bin/../lib/gcc/arm-none-eabi/13.3.1/../../../../arm-none-eabi/lib/thumb/v6-m/nofp/libg.a(libc_a-mallocr.o)
                0x200011a8                __malloc_sbrk_base
 .data.__malloc_trim_threshold
                0x200011ac        0x4 /home/mdlos/.pico-sdk/toolchain/13_3_Rel1/bin/../lib/gcc/arm-none-eabi/13.3.1/../../../../arm-none-eabi/lib/thumb/v6-m/nofp/libg.a(libc_a-mallocr.o)
                0x200011ac                __malloc_trim_threshold
 .data.__malloc_av_
                0x200011b0      0x408 /home/mdlos/.pico-sdk/toolchain/13_3_Rel1/bin/../lib/gcc/arm-none-eabi/13.3.1/../../../../arm-none-eabi/lib/thumb/v6-m/nofp/libg.a(libc_a-mallocr.o)
                0x200011b0                __malloc_av_
 .data._impure_ptr
                0x200015b8        0x4 /home/mdlos/.pico-sdk/toolchain/13_3_Rel1/bin/../lib/gcc/arm-none-eabi/13.3.1/../../../../arm-none-eabi/lib/thumb/v6-m/nofp/libg.a(libc_a-impure.o)
                0x200015b8                _impure_ptr
 *fill*         0x200015bc        0x4 
 .data._impure_data
                0x200015c0      0x140 /home/mdlos/.pico-sdk/toolchain/13_3_Rel1/bin/../lib/gcc/arm-none-eabi/13.3.1/../../../../arm-none-eabi/lib/thumb/v6-m/nofp/libg.a(libc_a-impure.o)
                0x200015c0                _impure_data
                0x20001700                        . = ALIGN (0x4)
 *(.after_data.*)
                0x20001700                        . = ALIGN (0x4)
                0x20001700                        PROVIDE (__mutex_array_start = .)
 *(SORT_BY_NAME(.mutex_array.*))
 *(.mutex_array)
 .mutex_array   0x20001700        0x8 CMakeFiles/DisplayC.dir/home/mdlos/.pico-sdk/sdk/2.1.0/src/rp2_common/pico_malloc/malloc.c.o
 .mutex_array   0x20001708        0x8 CMakeFiles/DisplayC.dir/home/mdlos/.pico-sdk/sdk/2.1.0/src/rp2_common/pico_stdio/stdio.c.o
                0x20001710                        PROVIDE (__mutex_array_end = .)
                0x20001710                        . = ALIGN (0x4)
 *(.jcr)
                0x20001710                        . = ALIGN (0x4)

.tm_clone_table
                0x20001710        0x0 load address 0x1000abf8
 .tm_clone_table
                0x20001710        0x0 /home/mdlos/.pico-sdk/toolchain/13_3_Rel1/bin/../lib/gcc/arm-none-eabi/13.3.1/thumb/v6-m/nofp/crtbegin.o
 .tm_clone_table
                0x20001710        0x0 /home/mdlos/.pico-sdk/toolchain/13_3_Rel1/bin/../lib/gcc/arm-none-eabi/13.3.1/thumb/v6-m/nofp/crtend.o

.igot.plt       0x20001710        0x0 load address 0x1000abf8
 .igot.plt      0x20001710        0x0 /home/mdlos/.pico-sdk/toolchain/13_3_Rel1/bin/../lib/gcc/arm-none-eabi/13.3.1/thumb/v6-m/nofp/crtbegin.o

.tdata          0x20001710        0x0 load address 0x1000abf8
                0x20001710                        . = ALIGN (0x4)
 *(.tdata .tdata.* .gnu.linkonce.td.*)
                0x20001710                        __tdata_end = .
                0x20001710                        PROVIDE (__data_end__ = .)
                0x100095a8                        __etext = LOADADDR (.data)

.tbss           0x20001710        0x0 load address 0x1000abf8
                0x20001710                        . = ALIGN (0x4)
                0x20001710                        __bss_start__ = .
                0x20001710                        __tls_base = .
 *(.tbss .tbss.* .gnu.linkonce.tb.*)
 *(.tcommon)
                0x20001710                        __tls_end = .

.bss            0x20001710     0x1234 load address 0x1000abf8
                0x20001710                        . = ALIGN (0x4)
                0x20001710                        __tbss_end = .
 *(SORT_BY_ALIGNMENT(SORT_BY_NAME(.bss*)))
 .bss.default_alarm_pool_entries
                0x20001710      0x180 CMakeFiles/DisplayC.dir/home/mdlos/.pico-sdk/sdk/2.1.0/src/common/pico_time/time.c.o
 .bss.last_avail_time.1
                0x20001890        0x8 CMakeFiles/DisplayC.dir/home/mdlos/.pico-sdk/sdk/2.1.0/src/rp2_common/pico_stdio_usb/stdio_usb.c.o
 .bss.sd_table  0x20001898      0x100 CMakeFiles/DisplayC.dir/home/mdlos/.pico-sdk/sdk/2.1.0/src/rp2_common/pico_double/double_init_rom_rp2040.c.o
                0x20001898                sd_table
 .bss.sf_table  0x20001998      0x100 CMakeFiles/DisplayC.dir/home/mdlos/.pico-sdk/sdk/2.1.0/src/rp2_common/pico_float/float_init_rom_rp2040.c.o
                0x20001998                sf_table
 .bss.__lock___malloc_recursive_mutex
                0x20001a98        0x1 /home/mdlos/.pico-sdk/toolchain/13_3_Rel1/bin/../lib/gcc/arm-none-eabi/13.3.1/../../../../arm-none-eabi/lib/thumb/v6-m/nofp/libg.a(libc_a-lock.o)
                0x20001a98                __lock___malloc_recursive_mutex
 *fill*         0x20001a99        0x3 
 .bss.__malloc_current_mallinfo
                0x20001a9c       0x28 /home/mdlos/.pico-sdk/toolchain/13_3_Rel1/bin/../lib/gcc/arm-none-eabi/13.3.1/../../../../arm-none-eabi/lib/thumb/v6-m/nofp/libg.a(libc_a-mallocr.o)
                0x20001a9c                __malloc_current_mallinfo
 .bss.__malloc_max_sbrked_mem
                0x20001ac4        0x4 /home/mdlos/.pico-sdk/toolchain/13_3_Rel1/bin/../lib/gcc/arm-none-eabi/13.3.1/../../../../arm-none-eabi/lib/thumb/v6-m/nofp/libg.a(libc_a-mallocr.o)
                0x20001ac4                __malloc_max_sbrked_mem
 .bss.__malloc_max_total_mem
                0x20001ac8        0x4 /home/mdlos/.pico-sdk/toolchain/13_3_Rel1/bin/../lib/gcc/arm-none-eabi/13.3.1/../../../../arm-none-eabi/lib/thumb/v6-m/nofp/libg.a(libc_a-mallocr.o)
                0x20001ac8                __malloc_max_total_mem
 .bss.__malloc_top_pad
                0x20001acc        0x4 /home/mdlos/.pico-sdk/toolchain/13_3_Rel1/bin/../lib/gcc/arm-none-eabi/13.3.1/../../../../arm-none-eabi/lib/thumb/v6-m/nofp/libg.a(libc_a-mallocr.o)
                0x20001acc                __malloc_top_pad
 .bss.__sf      0x20001ad0      0x138 /home/mdlos/.pico-sdk/toolchain/13_3_Rel1/bin/../lib/gcc/arm-none-eabi/13.3.1/../../../../arm-none-eabi/lib/thumb/v6-m/nofp/libg.a(libc_a-findfp.o)
                0x20001ad0                __sf
 .bss._app_driver
                0x20001c08        0x4 CMakeFiles/DisplayC.dir/home/mdlos/.pico-sdk/sdk/2.1.0/lib/tinyusb/src/device/usbd.c.o
 .bss._cdcd_fifo_cfg
                0x20001c0c        0x1 CMakeFiles/DisplayC.dir/home/mdlos/.pico-sdk/sdk/2.1.0/lib/tinyusb/src/class/cdc/cdc_device.c.o
 *fill*         0x20001c0d        0x3 
 .bss._cdcd_itf
                0x20001c10      0x2c8 CMakeFiles/DisplayC.dir/home/mdlos/.pico-sdk/sdk/2.1.0/lib/tinyusb/src/class/cdc/cdc_device.c.o
 .bss._ctrl_xfer
                0x20001ed8       0x14 CMakeFiles/DisplayC.dir/home/mdlos/.pico-sdk/sdk/2.1.0/lib/tinyusb/src/device/usbd_control.c.o
 .bss._ubsd_mutexdef
                0x20001eec        0x8 CMakeFiles/DisplayC.dir/home/mdlos/.pico-sdk/sdk/2.1.0/lib/tinyusb/src/device/usbd.c.o
 .bss._usbd_ctrl_buf
                0x20001ef4       0x40 CMakeFiles/DisplayC.dir/home/mdlos/.pico-sdk/sdk/2.1.0/lib/tinyusb/src/device/usbd_control.c.o
 .bss._usbd_dev
                0x20001f34       0x54 CMakeFiles/DisplayC.dir/home/mdlos/.pico-sdk/sdk/2.1.0/lib/tinyusb/src/device/usbd.c.o
 .bss._usbd_mutex
                0x20001f88        0x4 CMakeFiles/DisplayC.dir/home/mdlos/.pico-sdk/sdk/2.1.0/lib/tinyusb/src/device/usbd.c.o
 .bss._usbd_q   0x20001f8c        0x4 CMakeFiles/DisplayC.dir/home/mdlos/.pico-sdk/sdk/2.1.0/lib/tinyusb/src/device/usbd.c.o
 .bss._usbd_qdef_buf
                0x20001f90       0xc0 CMakeFiles/DisplayC.dir/home/mdlos/.pico-sdk/sdk/2.1.0/lib/tinyusb/src/device/usbd.c.o
                0x20001f90                _usbd_qdef_buf
 .bss._used_instruction_space
                0x20002050        0x8 CMakeFiles/DisplayC.dir/home/mdlos/.pico-sdk/sdk/2.1.0/src/rp2_common/hardware_pio/pio.c.o
 .bss._vendord_itf
                0x20002058      0x2cc CMakeFiles/DisplayC.dir/home/mdlos/.pico-sdk/sdk/2.1.0/lib/tinyusb/src/class/vendor/vendor_device.c.o
 .bss.boot2_copyout
                0x20002324      0x100 CMakeFiles/DisplayC.dir/home/mdlos/.pico-sdk/sdk/2.1.0/src/rp2_common/hardware_flash/flash.c.o
 .bss.callbacks
                0x20002424        0x8 CMakeFiles/DisplayC.dir/home/mdlos/.pico-sdk/sdk/2.1.0/src/rp2_common/hardware_gpio/gpio.c.o
 .bss.chars_available_callback
                0x2000242c        0x4 CMakeFiles/DisplayC.dir/home/mdlos/.pico-sdk/sdk/2.1.0/src/rp2_common/pico_stdio_usb/stdio_usb.c.o
 .bss.chars_available_param
                0x20002430        0x4 CMakeFiles/DisplayC.dir/home/mdlos/.pico-sdk/sdk/2.1.0/src/rp2_common/pico_stdio_usb/stdio_usb.c.o
 .bss.claimed   0x20002434        0x4 CMakeFiles/DisplayC.dir/home/mdlos/.pico-sdk/sdk/2.1.0/src/rp2_common/hardware_sync/sync.c.o
 .bss.claimed   0x20002438        0x1 CMakeFiles/DisplayC.dir/home/mdlos/.pico-sdk/sdk/2.1.0/src/rp2_common/hardware_timer/timer.c.o
 *fill*         0x20002439        0x3 
 .bss.configured_freq
                0x2000243c       0x28 CMakeFiles/DisplayC.dir/home/mdlos/.pico-sdk/sdk/2.1.0/src/rp2_common/hardware_clocks/clocks.c.o
 .bss.desc_str.0
                0x20002464       0x28 CMakeFiles/DisplayC.dir/home/mdlos/.pico-sdk/sdk/2.1.0/src/rp2_common/pico_stdio_usb/stdio_usb_descriptors.c.o
 .bss.drivers   0x2000248c        0x4 CMakeFiles/DisplayC.dir/home/mdlos/.pico-sdk/sdk/2.1.0/src/rp2_common/pico_stdio/stdio.c.o
 .bss.e15_last_sof
                0x20002490        0x4 CMakeFiles/DisplayC.dir/home/mdlos/.pico-sdk/sdk/2.1.0/lib/tinyusb/src/portable/raspberrypi/rp2040/rp2040_usb.c.o
                0x20002490                e15_last_sof
 .bss.errno     0x20002494        0x4 /home/mdlos/.pico-sdk/toolchain/13_3_Rel1/bin/../lib/gcc/arm-none-eabi/13.3.1/../../../../arm-none-eabi/lib/thumb/v6-m/nofp/libg.a(libc_a-reent.o)
                0x20002494                errno
 .bss.filter    0x20002498        0x4 CMakeFiles/DisplayC.dir/home/mdlos/.pico-sdk/sdk/2.1.0/src/rp2_common/pico_stdio/stdio.c.o
 .bss.heap_end.0
                0x2000249c        0x4 CMakeFiles/DisplayC.dir/home/mdlos/.pico-sdk/sdk/2.1.0/src/rp2_common/pico_clib_interface/newlib_interface.c.o
 .bss.hw_endpoints
                0x200024a0      0x400 CMakeFiles/DisplayC.dir/home/mdlos/.pico-sdk/sdk/2.1.0/lib/tinyusb/src/portable/raspberrypi/rp2040/dcd_rp2040.c.o
 .bss.last_time_a
                0x200028a0        0x4 CMakeFiles/DisplayC.dir/DisplayC.c.o
 .bss.last_time_b
                0x200028a4        0x4 CMakeFiles/DisplayC.dir/DisplayC.c.o
 .bss.last_time_joy
                0x200028a8        0x4 CMakeFiles/DisplayC.dir/DisplayC.c.o
 .bss.lazy_vsnprintf
                0x200028ac        0x4 CMakeFiles/DisplayC.dir/home/mdlos/.pico-sdk/sdk/2.1.0/src/rp2_common/pico_printf/printf.c.o
 .bss.load_value
                0x200028b0        0x4 CMakeFiles/DisplayC.dir/home/mdlos/.pico-sdk/sdk/2.1.0/src/rp2_common/hardware_watchdog/watchdog.c.o
 .bss.next_buffer_ptr